// Jest Snapshot v1, https://goo.gl/fbAQLP

exports[`Image Image no width and height attribute 1`] = `
<styled.img
  alt="shirt"
  src="./img.jpg"
/>
`;
