// Jest Snapshot v1, https://goo.gl/fbAQLP

exports[`App ProductItem Test get default ProductItem no params  1`] = `
Object {
  "asFragment": [Function],
  "baseElement": .c0 {
  position: relative;
  height: 335px;
  width: 100%;
}

.c1 {
  cursor: pointer;
  will-change: transform,opacity;
  position: absolute;
  height: 100%;
  width: 100%;
  z-index: 2;
  position: absolute;
}

.c13 {
  cursor: pointer;
  will-change: transform,opacity;
  position: absolute;
  height: 100%;
  width: 100%;
  z-index: 0;
  position: absolute;
}

.c3 {
  display: -webkit-box;
  display: -webkit-flex;
  display: -ms-flexbox;
  display: flex;
  -webkit-flex-direction: column;
  -ms-flex-direction: column;
  flex-direction: column;
  min-height: 335px;
  -webkit-box-pack: justify;
  -webkit-justify-content: space-between;
  -ms-flex-pack: justify;
  justify-content: space-between;
}

.c4 {
  display: -webkit-box;
  display: -webkit-flex;
  display: -ms-flexbox;
  display: flex;
  padding: 12px;
  -webkit-flex-direction: column;
  -ms-flex-direction: column;
  flex-direction: column;
}

.c5 {
  position: relative;
  margin-bottom: 8px;
}

.c6 {
  position: absolute;
  top: 0;
  left: 0;
}

.c8 {
  background-image: url(mock.png);
  background-size: contain;
  background-position: center;
  min-height: 165px;
  background-repeat: no-repeat;
}

.c9 {
  display: -webkit-box;
  display: -webkit-flex;
  display: -ms-flexbox;
  display: flex;
  -webkit-align-items: center;
  -webkit-box-align: center;
  -ms-flex-align: center;
  align-items: center;
  -webkit-flex-direction: column;
  -ms-flex-direction: column;
  flex-direction: column;
  padding: 12px 0;
}

.c11 {
  display: -webkit-box;
  display: -webkit-flex;
  display: -ms-flexbox;
  display: flex;
  -webkit-box-pack: center;
  -webkit-justify-content: center;
  -ms-flex-pack: center;
  justify-content: center;
  -webkit-align-items: center;
  -webkit-box-align: center;
  -ms-flex-align: center;
  align-items: center;
  padding: 8px;
}

.c10 {
  font-size: 16px;
  line-height: 1.5;
  font-family: 'Montserrat Alternates';
  font-weight: bold;
  color: #2E2E2E;
}

.c15 {
  font-size: 24px;
  line-height: 1.5;
  font-family: 'Montserrat Alternates';
  font-weight: bold;
  color: #2E2E2E;
}

.c17 {
  color: #2E2E2E;
}

.c12 {
  margin-top: auto;
  min-width: 90px !important;
  min-height: 36px !important;
  font-size: 12px;
  border-radius: 24px;
}

.c22 {
  min-width: 90px !important;
  min-height: 36px !important;
  font-size: 12px;
  border-radius: 24px;
}

.c7 {
  background-color: #F62F5E;
  color: #fff;
  font-size: 18px;
  text-align: center;
  min-width: 60px;
  height: 30px;
  display: inline-block;
  line-height: 30px;
  padding: 0 8px;
  margin: 0 8px;
}

.c2 {
  cursor: pointer;
  will-change: transform,opacity;
  box-shadow: 0 1px 1px 0 rgba(0,0,0,0.2);
  min-height: 335px;
  padding: 8px;
}

.c2:hover {
  box-shadow: 0 10px 20px 0 rgba(0,0,0,0.3);
}

.c21 {
  padding: 8px;
  display: -webkit-box;
  display: -webkit-flex;
  display: -ms-flexbox;
  display: flex;
  -webkit-box-pack: center;
  -webkit-justify-content: center;
  -ms-flex-pack: center;
  justify-content: center;
  width: 100%;
  display: -webkit-box;
  display: -webkit-flex;
  display: -ms-flexbox;
  display: flex;
}

.c24 {
  position: absolute;
  top: 8px;
  right: 8px;
}

.c18 {
  color: #F62F5E !important;
}

.c18 svg:first-child {
  -webkit-transform: scale(1);
  -ms-transform: scale(1);
  transform: scale(1);
  -webkit-transition: -webkit-transform 150ms cubic-bezier(0.4,0,1,1) 0ms;
  -webkit-transition: transform 150ms cubic-bezier(0.4,0,1,1) 0ms;
  transition: transform 150ms cubic-bezier(0.4,0,1,1) 0ms;
}

.c18 svg:last-child {
  -webkit-transform: scale(1);
  -ms-transform: scale(1);
  transform: scale(1);
}

.c19 {
  color: #00D3CA !important;
}

.c19 svg:first-child {
  -webkit-transform: scale(0);
  -ms-transform: scale(0);
  transform: scale(0);
  -webkit-transition: -webkit-transform 150ms cubic-bezier(0.4,0,1,1) 0ms;
  -webkit-transition: transform 150ms cubic-bezier(0.4,0,1,1) 0ms;
  transition: transform 150ms cubic-bezier(0.4,0,1,1) 0ms;
}

.c19 svg:last-child {
  -webkit-transform: scale(1);
  -ms-transform: scale(1);
  transform: scale(1);
}

.c20 {
  color: #6EB2FB !important;
}

.c20 svg:first-child {
  -webkit-transform: scale(0);
  -ms-transform: scale(0);
  transform: scale(0);
  -webkit-transition: -webkit-transform 150ms cubic-bezier(0.4,0,1,1) 0ms;
  -webkit-transition: transform 150ms cubic-bezier(0.4,0,1,1) 0ms;
  transition: transform 150ms cubic-bezier(0.4,0,1,1) 0ms;
}

.c20 svg:last-child {
  -webkit-transform: scale(1);
  -ms-transform: scale(1);
  transform: scale(1);
}

.c14 {
  display: -webkit-box;
  display: -webkit-flex;
  display: -ms-flexbox;
  display: flex;
  padding: 12px;
  -webkit-flex-direction: column;
  -ms-flex-direction: column;
  flex-direction: column;
  -webkit-align-items: center;
  -webkit-box-align: center;
  -ms-flex-align: center;
  align-items: center;
}

.c16 {
  display: -webkit-box;
  display: -webkit-flex;
  display: -ms-flexbox;
  display: flex;
  margin: 16px 0;
  -webkit-align-items: center;
  -webkit-box-align: center;
  -ms-flex-align: center;
  align-items: center;
  -webkit-flex-direction: column;
  -ms-flex-direction: column;
  flex-direction: column;
}

.c23 {
  background-image: url(mock.png);
  background-size: contain;
  background-position: center;
  min-height: 165px;
  background-repeat: no-repeat;
  position: absolute;
  height: 100%;
  width: 100%;
  z-index: -2;
  opacity: 0.4;
  top: 0;
}

<body>
    <div>
      <div
        class="c0"
      >
        <div
          class="c1"
          opacity="1"
          style="opacity: 1; transform: perspective(600px) rotateY(0deg);"
          transform="perspective(600px) rotateY(0deg)"
          z-index="2"
        >
          <div
            class="c2"
          >
            <div
              class="c3"
            >
              <div
                class="c4"
              >
                <div
                  class="c5"
                >
                  <div
                    class="c6"
                  >
                    <div
                      class="c7"
                      color="#F62F5E"
                    >
                      <span>
                        HOT
                      </span>
                    </div>
                  </div>
                  <div
                    class="c8"
                  />
                </div>
                <div
                  class="c9"
                >
                  <p
                    class="MuiTypography-root c10 MuiTypography-body1 MuiTypography-alignCenter"
                    customvariant="header3"
                    data-testid="product-item-info-name"
                  />
                  <p
                    class="MuiTypography-root c10 MuiTypography-body1 MuiTypography-colorError"
                    customvariant="header3"
                  />
                </div>
              </div>
              <div
                class="c11"
              >
                <button
                  class="MuiButtonBase-root MuiButton-root MuiButton-contained c12 MuiButton-containedPrimary MuiButton-containedSizeSmall MuiButton-sizeSmall"
                  data-testid="product-item-info-buy-btn"
                  mt="auto"
                  tabindex="0"
                  type="button"
                >
                  <span
                    class="MuiButton-label"
                  >
                    Buy now
                  </span>
                  <span
                    class="MuiTouchRipple-root"
                  />
                </button>
              </div>
            </div>
          </div>
        </div>
        <div
          class="c13"
          opacity="0"
          style="opacity: 0; transform: perspective(600px) rotateY(0deg) rotateY(180deg);"
          transform="perspective(600px) rotateY(0deg) rotateY(180deg)"
          z-index="0"
        >
          <div
            class="c2"
          >
            <div
              class="c14"
            >
              <div
                class=""
              >
                <p
                  class="MuiTypography-root c10 MuiTypography-body1 MuiTypography-alignCenter"
                  customvariant="header3"
                  data-testid="product-item-info-name"
                >
                  this is product name
                </p>
                <p
                  class="MuiTypography-root c15 MuiTypography-body1 MuiTypography-colorError MuiTypography-alignCenter"
                  customvariant="header2"
                />
                <div
                  class="c16"
                >
                  <div
                    class="MuiFormControl-root"
                  >
                    <label
                      class="MuiFormLabel-root MuiInputLabel-root MuiInputLabel-formControl MuiInputLabel-animated MuiInputLabel-shrink MuiInputLabel-outlined MuiFormLabel-filled"
                      data-shrink="true"
                    >
                      Size
                    </label>
                    <div
                      class="MuiInputBase-root MuiOutlinedInput-root MuiInputBase-formControl MuiInputBase-marginDense MuiOutlinedInput-marginDense"
                      style="background-color: white; border-radius: 32px; width: 120px;"
                    >
                      <div
                        aria-haspopup="listbox"
                        aria-labelledby=" "
                        class="MuiSelect-root MuiSelect-select MuiSelect-selectMenu MuiSelect-outlined MuiInputBase-input MuiOutlinedInput-input MuiInputBase-inputMarginDense MuiOutlinedInput-inputMarginDense"
                        role="button"
                        tabindex="0"
                      >
                        <p
                          class="MuiTypography-root-132 c17 MuiTypography-body1-134"
                          data-testid="size-filter-M"
                        >
                          M
                        </p>
                      </div>
                      <input
                        data-testid="size-filter-select"
                        type="hidden"
                        value="M"
                      />
                      <svg
                        aria-hidden="true"
                        class="MuiSvgIcon-root MuiSelect-icon MuiSelect-iconOutlined"
                        focusable="false"
                        role="presentation"
                        viewBox="0 0 24 24"
                      >
                        <path
                          d="M7 10l5 5 5-5z"
                        />
                      </svg>
                      <fieldset
                        aria-hidden="true"
                        class="PrivateNotchedOutline-root-175 MuiOutlinedInput-notchedOutline"
                        style="padding-left: 8px;"
                      >
                        <legend
                          class="PrivateNotchedOutline-legend-176"
                          style="width: 0.01px;"
                        >
                          <span>
                            ​
                          </span>
                        </legend>
                      </fieldset>
                    </div>
                  </div>
                  <div>
                    <span
                      aria-disabled="false"
                      class="MuiButtonBase-root-197 MuiIconButton-root-188 PrivateSwitchBase-root-184 MuiRadio-root-179 MuiRadio-colorPrimary-182 c18 PrivateSwitchBase-checked-185 Mui-checked MuiIconButton-colorPrimary-192"
                      customcolor="red"
                      data-testid="color-filter-red"
                      variant="outer"
                    >
                      <span
                        class="MuiIconButton-label-196"
                      >
                        <input
                          checked=""
                          class="PrivateSwitchBase-input-187"
                          type="radio"
                          value=""
                        />
                        <div
                          class="PrivateRadioButtonIcon-root-200 PrivateRadioButtonIcon-checked-202"
                        >
                          <svg
                            aria-hidden="true"
                            class="MuiSvgIcon-root-203"
                            focusable="false"
                            role="presentation"
                            viewBox="0 0 24 24"
                          >
                            <path
                              d="M12 2C6.48 2 2 6.48 2 12s4.48 10 10 10 10-4.48 10-10S17.52 2 12 2zm0 18c-4.42 0-8-3.58-8-8s3.58-8 8-8 8 3.58 8 8-3.58 8-8 8z"
                            />
                          </svg>
                          <svg
                            aria-hidden="true"
                            class="MuiSvgIcon-root-203 PrivateRadioButtonIcon-layer-201"
                            focusable="false"
                            role="presentation"
                            viewBox="0 0 24 24"
                          >
                            <path
                              d="M8.465 8.465C9.37 7.56 10.62 7 12 7C14.76 7 17 9.24 17 12C17 13.38 16.44 14.63 15.535 15.535C14.63 16.44 13.38 17 12 17C9.24 17 7 14.76 7 12C7 10.62 7.56 9.37 8.465 8.465Z"
                            />
                          </svg>
                        </div>
                      </span>
                      <span
                        class="MuiTouchRipple-root-400"
                      />
                    </span>
                    <span
                      aria-disabled="false"
                      class="MuiButtonBase-root-230 MuiIconButton-root-221 PrivateSwitchBase-root-217 MuiRadio-root-212 MuiRadio-colorPrimary-215 c19 MuiIconButton-colorPrimary-225"
                      customcolor="green"
                      data-testid="color-filter-green"
                      variant="outer"
                    >
                      <span
                        class="MuiIconButton-label-229"
                      >
                        <input
                          class="PrivateSwitchBase-input-220"
                          type="radio"
                          value=""
                        />
                        <div
                          class="PrivateRadioButtonIcon-root-233"
                        >
                          <svg
                            aria-hidden="true"
                            class="MuiSvgIcon-root-236"
                            focusable="false"
                            role="presentation"
                            viewBox="0 0 24 24"
                          >
                            <path
                              d="M12 2C6.48 2 2 6.48 2 12s4.48 10 10 10 10-4.48 10-10S17.52 2 12 2zm0 18c-4.42 0-8-3.58-8-8s3.58-8 8-8 8 3.58 8 8-3.58 8-8 8z"
                            />
                          </svg>
                          <svg
                            aria-hidden="true"
                            class="MuiSvgIcon-root-236 PrivateRadioButtonIcon-layer-234"
                            focusable="false"
                            role="presentation"
                            viewBox="0 0 24 24"
                          >
                            <path
                              d="M8.465 8.465C9.37 7.56 10.62 7 12 7C14.76 7 17 9.24 17 12C17 13.38 16.44 14.63 15.535 15.535C14.63 16.44 13.38 17 12 17C9.24 17 7 14.76 7 12C7 10.62 7.56 9.37 8.465 8.465Z"
                            />
                          </svg>
                        </div>
                      </span>
                      <span
                        class="MuiTouchRipple-root-410"
                      />
                    </span>
                    <span
                      aria-disabled="false"
                      class="MuiButtonBase-root-263 MuiIconButton-root-254 PrivateSwitchBase-root-250 MuiRadio-root-245 MuiRadio-colorPrimary-248 c20 MuiIconButton-colorPrimary-258"
                      customcolor="blue"
                      data-testid="color-filter-blue"
                      variant="outer"
                    >
                      <span
                        class="MuiIconButton-label-262"
                      >
                        <input
                          class="PrivateSwitchBase-input-253"
                          type="radio"
                          value=""
                        />
                        <div
                          class="PrivateRadioButtonIcon-root-266"
                        >
                          <svg
                            aria-hidden="true"
                            class="MuiSvgIcon-root-269"
                            focusable="false"
                            role="presentation"
                            viewBox="0 0 24 24"
                          >
                            <path
                              d="M12 2C6.48 2 2 6.48 2 12s4.48 10 10 10 10-4.48 10-10S17.52 2 12 2zm0 18c-4.42 0-8-3.58-8-8s3.58-8 8-8 8 3.58 8 8-3.58 8-8 8z"
                            />
                          </svg>
                          <svg
                            aria-hidden="true"
                            class="MuiSvgIcon-root-269 PrivateRadioButtonIcon-layer-267"
                            focusable="false"
                            role="presentation"
                            viewBox="0 0 24 24"
                          >
                            <path
                              d="M8.465 8.465C9.37 7.56 10.62 7 12 7C14.76 7 17 9.24 17 12C17 13.38 16.44 14.63 15.535 15.535C14.63 16.44 13.38 17 12 17C9.24 17 7 14.76 7 12C7 10.62 7.56 9.37 8.465 8.465Z"
                            />
                          </svg>
                        </div>
                      </span>
                      <span
                        class="MuiTouchRipple-root-420"
                      />
                    </span>
                  </div>
                </div>
              </div>
              <div
                class=""
              >
                <div
                  class="MuiGrid-root MuiGrid-container MuiGrid-spacing-xs-2"
                >
                  <div
                    class="c21"
                    display="flex"
                    width="100%"
                  >
                    <button
                      class="MuiButtonBase-root MuiButton-root MuiButton-contained c22 MuiButton-containedPrimary MuiButton-containedSizeSmall MuiButton-sizeSmall"
                      data-testid="product-item-buy-btn"
                      tabindex="0"
                      type="button"
                    >
                      <span
                        class="MuiButton-label"
                      >
                        Buy now
                      </span>
                      <span
                        class="MuiTouchRipple-root"
                      />
                    </button>
                  </div>
                  <div
                    class="c21"
                    display="flex"
                    width="100%"
                  >
                    <button
                      class="MuiButtonBase-root MuiButton-root MuiButton-contained c22 MuiButton-containedPrimary MuiButton-containedSizeSmall MuiButton-sizeSmall"
                      tabindex="0"
                      type="button"
                    >
                      <span
                        class="MuiButton-label"
                      >
                        Wishlist
                      </span>
                      <span
                        class="MuiTouchRipple-root"
                      />
                    </button>
                  </div>
                </div>
              </div>
            </div>
            <div
              class="c23"
            />
          </div>
          <div
            class="c24"
          >
            <svg
              aria-hidden="true"
              class="MuiSvgIcon-root"
              data-testid="show-product-info-btn"
              focusable="false"
              role="presentation"
              viewBox="0 0 24 24"
            >
              <path
                d="M19 6.41L17.59 5 12 10.59 6.41 5 5 6.41 10.59 12 5 17.59 6.41 19 12 13.41 17.59 19 19 17.59 13.41 12z"
              />
            </svg>
          </div>
        </div>
      </div>
    </div>
  </body>,
  "container": <div>
    <div
      class="sc-AykKC bzGAew"
    >
      <div
        class="sc-AykKD hewwJW"
        opacity="1"
        style="opacity: 1; transform: perspective(600px) rotateY(0deg);"
        transform="perspective(600px) rotateY(0deg)"
        z-index="2"
      >
        <div
          class="sc-fzXfLR cnFxAA"
        >
          <div
            class="sc-AykKE lkyZEz"
          >
            <div
              class="sc-AykKF eKqPoq"
            >
              <div
                class="sc-AykKG bPUHoX"
              >
                <div
                  class="sc-AykKH lbwVjw"
                >
                  <div
                    class="sc-fzXfLQ bNhcPS"
                    color="#F62F5E"
                  >
                    <span>
                      HOT
                    </span>
                  </div>
                </div>
                <div
                  class="sc-AykKI fAHfRT"
                />
              </div>
              <div
                class="sc-AykKJ dIEMEU"
              >
                <p
                  class="MuiTypography-root sc-fzXfLO bwpsVx MuiTypography-body1 MuiTypography-alignCenter"
                  customvariant="header3"
                  data-testid="product-item-info-name"
                />
                <p
                  class="MuiTypography-root sc-fzXfLO bwpsVx MuiTypography-body1 MuiTypography-colorError"
                  customvariant="header3"
                />
              </div>
            </div>
            <div
              class="sc-AykKK dSQjDe"
            >
              <button
                class="MuiButtonBase-root MuiButton-root MuiButton-contained sc-fzXfLP bXtVWo MuiButton-containedPrimary MuiButton-containedSizeSmall MuiButton-sizeSmall"
                data-testid="product-item-info-buy-btn"
                mt="auto"
                tabindex="0"
                type="button"
              >
                <span
                  class="MuiButton-label"
                >
                  Buy now
                </span>
                <span
                  class="MuiTouchRipple-root"
                />
              </button>
            </div>
          </div>
        </div>
      </div>
      <div
        class="sc-AykKD ftdwBo"
        opacity="0"
        style="opacity: 0; transform: perspective(600px) rotateY(0deg) rotateY(180deg);"
        transform="perspective(600px) rotateY(0deg) rotateY(180deg)"
        z-index="0"
      >
        <div
          class="sc-fzXfLR cnFxAA"
        >
          <div
            class="sc-fzXfLX inUNgw"
          >
            <div
              class="sc-fzXfLS bRQhyp"
            >
              <p
                class="MuiTypography-root sc-fzXfLO bwpsVx MuiTypography-body1 MuiTypography-alignCenter"
                customvariant="header3"
                data-testid="product-item-info-name"
              >
                this is product name
              </p>
              <p
                class="MuiTypography-root sc-fzXfLO euquSY MuiTypography-body1 MuiTypography-colorError MuiTypography-alignCenter"
                customvariant="header2"
              />
              <div
                class="sc-fzXfMv gUvBWi"
              >
                <div
                  class="MuiFormControl-root"
                >
                  <label
                    class="MuiFormLabel-root MuiInputLabel-root sc-fzXfLW hPdDHo MuiInputLabel-formControl MuiInputLabel-animated MuiInputLabel-shrink MuiInputLabel-outlined MuiFormLabel-filled"
                    data-shrink="true"
                  >
                    Size
                  </label>
                  <div
                    class="MuiInputBase-root MuiOutlinedInput-root MuiInputBase-formControl MuiInputBase-marginDense MuiOutlinedInput-marginDense"
                    style="background-color: white; border-radius: 32px; width: 120px;"
                  >
                    <div
                      aria-haspopup="listbox"
                      aria-labelledby=" "
                      class="MuiSelect-root MuiSelect-select MuiSelect-selectMenu MuiSelect-outlined MuiInputBase-input MuiOutlinedInput-input MuiInputBase-inputMarginDense MuiOutlinedInput-inputMarginDense"
                      role="button"
                      tabindex="0"
                    >
                      <p
                        class="MuiTypography-root-132 sc-fzXfLO ierhvw MuiTypography-body1-134"
                        data-testid="size-filter-M"
                      >
                        M
                      </p>
                    </div>
                    <input
                      data-testid="size-filter-select"
                      type="hidden"
                      value="M"
                    />
                    <svg
                      aria-hidden="true"
                      class="MuiSvgIcon-root MuiSelect-icon MuiSelect-iconOutlined"
                      focusable="false"
                      role="presentation"
                      viewBox="0 0 24 24"
                    >
                      <path
                        d="M7 10l5 5 5-5z"
                      />
                    </svg>
                    <fieldset
                      aria-hidden="true"
                      class="PrivateNotchedOutline-root-175 MuiOutlinedInput-notchedOutline"
                      style="padding-left: 8px;"
                    >
                      <legend
                        class="PrivateNotchedOutline-legend-176"
                        style="width: 0.01px;"
                      >
                        <span>
                          ​
                        </span>
                      </legend>
                    </fieldset>
                  </div>
                </div>
                <div>
                  <span
                    aria-disabled="false"
                    class="MuiButtonBase-root-197 MuiIconButton-root-188 PrivateSwitchBase-root-184 MuiRadio-root-179 MuiRadio-colorPrimary-182 sc-fzXfLT iqaktk PrivateSwitchBase-checked-185 Mui-checked MuiIconButton-colorPrimary-192"
                    customcolor="red"
                    data-testid="color-filter-red"
                    variant="outer"
                  >
                    <span
                      class="MuiIconButton-label-196"
                    >
                      <input
                        checked=""
                        class="PrivateSwitchBase-input-187"
                        type="radio"
                        value=""
                      />
                      <div
                        class="PrivateRadioButtonIcon-root-200 PrivateRadioButtonIcon-checked-202"
                      >
                        <svg
                          aria-hidden="true"
                          class="MuiSvgIcon-root-203"
                          focusable="false"
                          role="presentation"
                          viewBox="0 0 24 24"
                        >
                          <path
                            d="M12 2C6.48 2 2 6.48 2 12s4.48 10 10 10 10-4.48 10-10S17.52 2 12 2zm0 18c-4.42 0-8-3.58-8-8s3.58-8 8-8 8 3.58 8 8-3.58 8-8 8z"
                          />
                        </svg>
                        <svg
                          aria-hidden="true"
                          class="MuiSvgIcon-root-203 PrivateRadioButtonIcon-layer-201"
                          focusable="false"
                          role="presentation"
                          viewBox="0 0 24 24"
                        >
                          <path
                            d="M8.465 8.465C9.37 7.56 10.62 7 12 7C14.76 7 17 9.24 17 12C17 13.38 16.44 14.63 15.535 15.535C14.63 16.44 13.38 17 12 17C9.24 17 7 14.76 7 12C7 10.62 7.56 9.37 8.465 8.465Z"
                          />
                        </svg>
                      </div>
                    </span>
                    <span
                      class="MuiTouchRipple-root-400"
                    />
                  </span>
                  <span
                    aria-disabled="false"
                    class="MuiButtonBase-root-230 MuiIconButton-root-221 PrivateSwitchBase-root-217 MuiRadio-root-212 MuiRadio-colorPrimary-215 sc-fzXfLT fQEPBg MuiIconButton-colorPrimary-225"
                    customcolor="green"
                    data-testid="color-filter-green"
                    variant="outer"
                  >
                    <span
                      class="MuiIconButton-label-229"
                    >
                      <input
                        class="PrivateSwitchBase-input-220"
                        type="radio"
                        value=""
                      />
                      <div
                        class="PrivateRadioButtonIcon-root-233"
                      >
                        <svg
                          aria-hidden="true"
                          class="MuiSvgIcon-root-236"
                          focusable="false"
                          role="presentation"
                          viewBox="0 0 24 24"
                        >
                          <path
                            d="M12 2C6.48 2 2 6.48 2 12s4.48 10 10 10 10-4.48 10-10S17.52 2 12 2zm0 18c-4.42 0-8-3.58-8-8s3.58-8 8-8 8 3.58 8 8-3.58 8-8 8z"
                          />
                        </svg>
                        <svg
                          aria-hidden="true"
                          class="MuiSvgIcon-root-236 PrivateRadioButtonIcon-layer-234"
                          focusable="false"
                          role="presentation"
                          viewBox="0 0 24 24"
                        >
                          <path
                            d="M8.465 8.465C9.37 7.56 10.62 7 12 7C14.76 7 17 9.24 17 12C17 13.38 16.44 14.63 15.535 15.535C14.63 16.44 13.38 17 12 17C9.24 17 7 14.76 7 12C7 10.62 7.56 9.37 8.465 8.465Z"
                          />
                        </svg>
                      </div>
                    </span>
                    <span
                      class="MuiTouchRipple-root-410"
                    />
                  </span>
                  <span
                    aria-disabled="false"
                    class="MuiButtonBase-root-263 MuiIconButton-root-254 PrivateSwitchBase-root-250 MuiRadio-root-245 MuiRadio-colorPrimary-248 sc-fzXfLT lhoLcw MuiIconButton-colorPrimary-258"
                    customcolor="blue"
                    data-testid="color-filter-blue"
                    variant="outer"
                  >
                    <span
                      class="MuiIconButton-label-262"
                    >
                      <input
                        class="PrivateSwitchBase-input-253"
                        type="radio"
                        value=""
                      />
                      <div
                        class="PrivateRadioButtonIcon-root-266"
                      >
                        <svg
                          aria-hidden="true"
                          class="MuiSvgIcon-root-269"
                          focusable="false"
                          role="presentation"
                          viewBox="0 0 24 24"
                        >
                          <path
                            d="M12 2C6.48 2 2 6.48 2 12s4.48 10 10 10 10-4.48 10-10S17.52 2 12 2zm0 18c-4.42 0-8-3.58-8-8s3.58-8 8-8 8 3.58 8 8-3.58 8-8 8z"
                          />
                        </svg>
                        <svg
                          aria-hidden="true"
                          class="MuiSvgIcon-root-269 PrivateRadioButtonIcon-layer-267"
                          focusable="false"
                          role="presentation"
                          viewBox="0 0 24 24"
                        >
                          <path
                            d="M8.465 8.465C9.37 7.56 10.62 7 12 7C14.76 7 17 9.24 17 12C17 13.38 16.44 14.63 15.535 15.535C14.63 16.44 13.38 17 12 17C9.24 17 7 14.76 7 12C7 10.62 7.56 9.37 8.465 8.465Z"
                          />
                        </svg>
                      </div>
                    </span>
                    <span
                      class="MuiTouchRipple-root-420"
                    />
                  </span>
                </div>
              </div>
            </div>
            <div
              class="sc-fzXfLS bRQhyp"
            >
              <div
                class="MuiGrid-root MuiGrid-container MuiGrid-spacing-xs-2"
              >
                <div
                  class="sc-fzXfLS dLpJtQ"
                  display="flex"
                  width="100%"
                >
                  <button
                    class="MuiButtonBase-root MuiButton-root MuiButton-contained sc-fzXfLP fqJICc MuiButton-containedPrimary MuiButton-containedSizeSmall MuiButton-sizeSmall"
                    data-testid="product-item-buy-btn"
                    tabindex="0"
                    type="button"
                  >
                    <span
                      class="MuiButton-label"
                    >
                      Buy now
                    </span>
                    <span
                      class="MuiTouchRipple-root"
                    />
                  </button>
                </div>
                <div
                  class="sc-fzXfLS dLpJtQ"
                  display="flex"
                  width="100%"
                >
                  <button
                    class="MuiButtonBase-root MuiButton-root MuiButton-contained sc-fzXfLP fqJICc MuiButton-containedPrimary MuiButton-containedSizeSmall MuiButton-sizeSmall"
                    tabindex="0"
                    type="button"
                  >
                    <span
                      class="MuiButton-label"
                    >
                      Wishlist
                    </span>
                    <span
                      class="MuiTouchRipple-root"
                    />
                  </button>
                </div>
              </div>
            </div>
          </div>
          <div
            class="sc-fzXfMx eHyUqc"
          />
        </div>
        <div
          class="sc-fzXfLS bkkSaJ"
        >
          <svg
            aria-hidden="true"
            class="MuiSvgIcon-root"
            data-testid="show-product-info-btn"
            focusable="false"
            role="presentation"
            viewBox="0 0 24 24"
          >
            <path
              d="M19 6.41L17.59 5 12 10.59 6.41 5 5 6.41 10.59 12 5 17.59 6.41 19 12 13.41 17.59 19 19 17.59 13.41 12z"
            />
          </svg>
        </div>
      </div>
    </div>
  </div>,
  "debug": [Function],
  "findAllByAltText": [Function],
  "findAllByDisplayValue": [Function],
  "findAllByLabelText": [Function],
  "findAllByPlaceholderText": [Function],
  "findAllByRole": [Function],
  "findAllByTestId": [Function],
  "findAllByText": [Function],
  "findAllByTitle": [Function],
  "findByAltText": [Function],
  "findByDisplayValue": [Function],
  "findByLabelText": [Function],
  "findByPlaceholderText": [Function],
  "findByRole": [Function],
  "findByTestId": [Function],
  "findByText": [Function],
  "findByTitle": [Function],
  "getAllByAltText": [Function],
  "getAllByDisplayValue": [Function],
  "getAllByLabelText": [Function],
  "getAllByPlaceholderText": [Function],
  "getAllByRole": [Function],
  "getAllByTestId": [Function],
  "getAllByText": [Function],
  "getAllByTitle": [Function],
  "getByAltText": [Function],
  "getByDisplayValue": [Function],
  "getByLabelText": [Function],
  "getByPlaceholderText": [Function],
  "getByRole": [Function],
  "getByTestId": [Function],
  "getByText": [Function],
  "getByTitle": [Function],
  "queryAllByAltText": [Function],
  "queryAllByDisplayValue": [Function],
  "queryAllByLabelText": [Function],
  "queryAllByPlaceholderText": [Function],
  "queryAllByRole": [Function],
  "queryAllByTestId": [Function],
  "queryAllByText": [Function],
  "queryAllByTitle": [Function],
  "queryByAltText": [Function],
  "queryByDisplayValue": [Function],
  "queryByLabelText": [Function],
  "queryByPlaceholderText": [Function],
  "queryByRole": [Function],
  "queryByTestId": [Function],
  "queryByText": [Function],
  "queryByTitle": [Function],
  "rerender": [Function],
  "unmount": [Function],
}
`;

exports[`App ProductItem Test get default ProductItem no params  2`] = `
"Snapshot Diff:
- First value
+ Second value

@@ -1,15 +1,15 @@
  <DocumentFragment>
    <div
      class=\\"sc-AykKC bzGAew\\"
    >
      <div
-       class=\\"sc-AykKD hewwJW\\"
+       class=\\"sc-AykKD ftdwBo\\"
        opacity=\\"1\\"
        style=\\"opacity: 1; transform: perspective(600px) rotateY(0deg);\\"
        transform=\\"perspective(600px) rotateY(0deg)\\"
-       z-index=\\"2\\"
+       z-index=\\"0\\"
      >
        <div
          class=\\"sc-fzXfLR cnFxAA\\"
        >
          <div
@@ -73,15 +73,15 @@
            </div>
          </div>
        </div>
      </div>
      <div
-       class=\\"sc-AykKD ftdwBo\\"
+       class=\\"sc-AykKD hewwJW\\"
        opacity=\\"0\\"
        style=\\"opacity: 0; transform: perspective(600px) rotateY(0deg) rotateY(180deg);\\"
        transform=\\"perspective(600px) rotateY(0deg) rotateY(180deg)\\"
-       z-index=\\"0\\"
+       z-index=\\"2\\"
      >
        <div
          class=\\"sc-fzXfLR cnFxAA\\"
        >
          <div"
`;

exports[`App ProductItem Test get default ProductItem no params  3`] = `
"Snapshot Diff:
Compared values have no visual difference."
`;

exports[`App ProductItem Test get default ProductItem no params  4`] = `
"Snapshot Diff:
- First value
+ Second value

@@ -1,15 +1,15 @@
  <DocumentFragment>
    <div
      class=\\"sc-AykKC bzGAew\\"
    >
      <div
-       class=\\"sc-AykKD hewwJW\\"
+       class=\\"sc-AykKD ftdwBo\\"
        opacity=\\"1\\"
        style=\\"opacity: 1; transform: perspective(600px) rotateY(0deg);\\"
        transform=\\"perspective(600px) rotateY(0deg)\\"
-       z-index=\\"2\\"
+       z-index=\\"0\\"
      >
        <div
          class=\\"sc-fzXfLR cnFxAA\\"
        >
          <div
@@ -73,15 +73,15 @@
            </div>
          </div>
        </div>
      </div>
      <div
-       class=\\"sc-AykKD ftdwBo\\"
+       class=\\"sc-AykKD hewwJW\\"
        opacity=\\"0\\"
        style=\\"opacity: 0; transform: perspective(600px) rotateY(0deg) rotateY(180deg);\\"
        transform=\\"perspective(600px) rotateY(0deg) rotateY(180deg)\\"
-       z-index=\\"0\\"
+       z-index=\\"2\\"
      >
        <div
          class=\\"sc-fzXfLR cnFxAA\\"
        >
          <div"
`;
