// Jest Snapshot v1, https://goo.gl/fbAQLP

exports[`Modal renders modal when open flag is true 1`] = `
.c0 {
  display: -webkit-box;
  display: -webkit-flex;
  display: -ms-flexbox;
  display: flex;
  -webkit-align-items: center;
  -webkit-box-align: center;
  -ms-flex-align: center;
  align-items: center;
  -webkit-box-pack: center;
  -webkit-justify-content: center;
  -ms-flex-pack: center;
  justify-content: center;
}

.c1 {
  outline: none !important;
  background-color: #fff;
  border: 2px solid #2E2E2E;
  width: 80%;
  max-height: 100%;
  overflow-y: auto;
}

<div
  id="root"
>
  <Modal
    open={true}
  >
    <Styled(Component)
      open={true}
    >
      <ForwardRef(Modal)
        className="c0"
        open={true}
      >
        <ForwardRef(Portal)
          disablePortal={false}
        >
          <Portal
            containerInfo={
              .c0 {
  display: -webkit-box;
  display: -webkit-flex;
  display: -ms-flexbox;
  display: flex;
  -webkit-align-items: center;
  -webkit-box-align: center;
  -ms-flex-align: center;
  align-items: center;
  -webkit-box-pack: center;
  -webkit-justify-content: center;
  -ms-flex-pack: center;
  justify-content: center;
}

.c1 {
  outline: none !important;
  background-color: #fff;
  border: 2px solid #2E2E2E;
  width: 80%;
  max-height: 100%;
  overflow-y: auto;
}

<body
                style="padding-right: 0px; overflow: hidden;"
              >
                <div
                  class="c0"
                  role="presentation"
                  style="position: fixed; z-index: 1300; right: 0px; bottom: 0px; top: 0px; left: 0px;"
                >
                  <div
                    aria-hidden="true"
                    style="z-index: -1; position: fixed; right: 0px; bottom: 0px; top: 0px; left: 0px; background-color: rgba(0, 0, 0, 0.5);"
                  />
                  <div
                    data-test="sentinelStart"
                    tabindex="0"
                  />
                  <div
                    class="c1"
                    tabindex="-1"
                  >
                    <div
                      class="title"
                    >
                      Modal Title
                    </div>
                  </div>
                  <div
                    data-test="sentinelEnd"
                    tabindex="0"
                  />
                </div>
              </body>
            }
          >
            <div
              className="c0"
              onKeyDown={[Function]}
              role="presentation"
              style={
                Object {
                  "bottom": 0,
                  "left": 0,
                  "position": "fixed",
                  "right": 0,
                  "top": 0,
                  "zIndex": 1300,
                }
              }
            >
              <ForwardRef(SimpleBackdrop)
                onClick={[Function]}
                open={true}
              >
                <div
                  aria-hidden={true}
                  onClick={[Function]}
                  style={
                    Object {
                      "WebkitTapHighlightColor": "transparent",
                      "backgroundColor": "rgba(0, 0, 0, 0.5)",
                      "bottom": 0,
                      "left": 0,
                      "position": "fixed",
                      "right": 0,
                      "top": 0,
                      "zIndex": -1,
                    }
                  }
                />
              </ForwardRef(SimpleBackdrop)>
              <TrapFocus
                disableAutoFocus={false}
                disableEnforceFocus={false}
                disableRestoreFocus={false}
                getDoc={[Function]}
                isEnabled={[Function]}
                open={true}
              >
                <div
                  data-test="sentinelStart"
                  tabIndex={0}
                />
                <styled.div
                  tabIndex="-1"
                >
                  <div
                    className="c1"
                    tabIndex="-1"
                  >
                    <div
                      className="title"
                    >
                      Modal Title
                    </div>
                  </div>
                </styled.div>
                <div
                  data-test="sentinelEnd"
                  tabIndex={0}
                />
              </TrapFocus>
            </div>
          </Portal>
        </ForwardRef(Portal)>
      </ForwardRef(Modal)>
    </Styled(Component)>
  </Modal>
</div>
`;
