// Jest Snapshot v1, https://goo.gl/fbAQLP

exports[`App number component input nmber input component 1`] = `
.c0 {
  width: 27px;
  height: 27px;
  border: 1px solid #F62F5E;
  border-radius: 50%;
  font-size: 14px;
  display: -webkit-inline-box;
  display: -webkit-inline-flex;
  display: -ms-inline-flexbox;
  display: inline-flex;
  -webkit-box-pack: center;
  -webkit-justify-content: center;
  -ms-flex-pack: center;
  justify-content: center;
  -webkit-align-items: center;
  -webkit-box-align: center;
  -ms-flex-align: center;
  align-items: center;
  background-color: transparent;
  outline-color: transparent;
  outline-style: none;
  cursor: pointer;
  background-color: #F62F5E;
  color: #fff;
}

<NumberComp>
  <styled.button
    color="primary"
  >
    <StyledComponent
      color="primary"
      forwardedComponent={
        Object {
          "$$typeof": Symbol(react.forward_ref),
          "attrs": Array [],
          "componentStyle": ComponentStyle {
            "componentId": "sc-bdVaJa",
            "isStatic": false,
            "lastClassName": "c0",
            "rules": Array [
              "
  ",
              [Function],
              "
  width: 27px;
  height: 27px;
  border: 1px solid ",
              "#F62F5E",
              ";
  border-radius: 50%;
  font-size: 14px;
  display: inline-flex;
  justify-content: center;
  align-items: center;
  background-color: transparent;
  outline-color: transparent;
  outline-style: none;
  cursor: pointer;

  ",
              [Function],
              "
",
            ],
          },
          "displayName": "styled.button",
          "foldedComponentIds": Array [],
          "render": [Function],
          "styledComponentId": "sc-bdVaJa",
          "target": "button",
          "toString": [Function],
          "warnTooManyClasses": [Function],
          "withComponent": [Function],
        }
      }
      forwardedRef={null}
    >
      <button
        className="c0"
        color="primary"
      >
        0
      </button>
    </StyledComponent>
  </styled.button>
</NumberComp>
`;
