// Jest Snapshot v1, https://goo.gl/fbAQLP

exports[`App ReviewForm Test get default ReviewForm no params  1`] = `
Object {
  "asFragment": [Function],
  "baseElement": .c6 {
  min-width: 163px !important;
  min-height: 48px !important;
  font-size: 14px;
  border-radius: 32px;
}

.c0 {
  font-size: 24px;
  line-height: 1.5;
  font-family: 'Montserrat Alternates';
  font-weight: bold;
  color: #2E2E2E;
}

.c1 {
  font-size: 16px;
  line-height: 1.5;
  font-family: 'Open Sans';
  color: #2E2E2E;
}

.c3 {
  padding-top: 10px;
  font-size: 16px;
  line-height: 1.5;
  font-family: 'Open Sans';
  color: #2E2E2E;
}

.c4 {
  font-size: 12px;
  line-height: 2;
  font-family: 'Open Sans';
  color: #2E2E2E;
}

.c2 {
  font-weight: 600;
}

.c5 {
  color: #B4B4B4;
}

<body>
    <div>
      <div>
        <p
          class="MuiTypography-root c0 MuiTypography-body1"
          customvariant="header2"
        >
          Add a review
        </p>
        <div
          class="MuiGrid-root MuiGrid-container MuiGrid-spacing-xs-3"
        >
          <div
            class="MuiGrid-root MuiGrid-container MuiGrid-item MuiGrid-align-items-xs-center"
          >
            <div
              class="MuiGrid-root MuiGrid-item MuiGrid-grid-xs-12 MuiGrid-grid-md-3"
            >
              <p
                class="MuiTypography-root c1 c2 MuiTypography-body1"
                customvariant="body1"
              >
                Choose a nickname
              </p>
            </div>
            <div
              class="MuiGrid-root MuiGrid-item MuiGrid-grid-xs-12 MuiGrid-grid-md-9"
            >
              <div
                class="MuiFormControl-root MuiTextField-root "
              >
                <div
                  class="MuiInputBase-root MuiOutlinedInput-root MuiInputBase-formControl"
                >
                  <input
                    aria-invalid="false"
                    class="MuiInputBase-input MuiOutlinedInput-input"
                    name="nickname"
                    type="text"
                    value=""
                  />
                  <fieldset
                    aria-hidden="true"
                    class="PrivateNotchedOutline-root-174 MuiOutlinedInput-notchedOutline"
                    style="padding-left: 8px;"
                  >
                    <legend
                      class="PrivateNotchedOutline-legend-175"
                      style="width: 0.01px;"
                    >
                      <span>
                        ​
                      </span>
                    </legend>
                  </fieldset>
                </div>
              </div>
            </div>
          </div>
          <div
            class="MuiGrid-root MuiGrid-container MuiGrid-item"
          >
            <div
              class="MuiGrid-root MuiGrid-item MuiGrid-grid-xs-12 MuiGrid-grid-md-3"
            >
              <p
                class="MuiTypography-root c3 c2 MuiTypography-body1"
                customvariant="body1"
                pt="10"
              >
                Your review
              </p>
            </div>
            <div
              class="MuiGrid-root MuiGrid-item MuiGrid-grid-xs-12 MuiGrid-grid-md-9"
            >
              <div
                class="MuiFormControl-root MuiTextField-root MuiFormControl-fullWidth"
              >
                <div
                  class="MuiInputBase-root MuiOutlinedInput-root MuiInputBase-fullWidth MuiInputBase-formControl MuiInputBase-multiline MuiOutlinedInput-multiline"
                >
                  <textarea
                    aria-invalid="false"
                    class="MuiInputBase-input MuiOutlinedInput-input MuiInputBase-inputMultiline MuiOutlinedInput-inputMultiline"
                    name="reviewText"
                    rows="4"
                  />
                  <fieldset
                    aria-hidden="true"
                    class="PrivateNotchedOutline-root-218 MuiOutlinedInput-notchedOutline"
                    style="padding-left: 8px;"
                  >
                    <legend
                      class="PrivateNotchedOutline-legend-219"
                      style="width: 0.01px;"
                    >
                      <span>
                        ​
                      </span>
                    </legend>
                  </fieldset>
                </div>
              </div>
              <p
                class="MuiTypography-root c4 c5 MuiTypography-body1"
                customvariant="body2"
              >
                Your review must be at least 50 characters
              </p>
            </div>
          </div>
          <div
            class="MuiGrid-root MuiGrid-container MuiGrid-item MuiGrid-align-items-xs-center"
          >
            <div
              class="MuiGrid-root MuiGrid-item MuiGrid-grid-xs-12 MuiGrid-grid-md-3"
            >
              <p
                class="MuiTypography-root c1 c2 MuiTypography-body1"
                customvariant="body1"
              >
                Overall rating
              </p>
            </div>
            <div
              class="MuiGrid-root MuiGrid-item MuiGrid-grid-xs-12 MuiGrid-grid-md-9"
            >
              <span
                class="MuiRating-root "
              >
                <label
                  class="MuiRating-label"
                  for="app-rating-1"
                >
                  <span
                    class="MuiRating-icon MuiRating-iconEmpty"
                  >
                    <svg
                      aria-hidden="true"
                      class="MuiSvgIcon-root MuiSvgIcon-fontSizeInherit"
                      focusable="false"
                      role="presentation"
                      viewBox="0 0 24 24"
                    >
                      <path
                        d="M12 17.27L18.18 21l-1.64-7.03L22 9.24l-7.19-.61L12 2 9.19 8.63 2 9.24l5.46 4.73L5.82 21z"
                      />
                    </svg>
                  </span>
                  <span
                    class="MuiRating-visuallyhidden"
                  >
                    1 Star
                  </span>
                </label>
                <input
                  class="MuiRating-visuallyhidden"
                  id="app-rating-1"
                  name="app-rating"
                  type="radio"
                  value="1"
                />
                <label
                  class="MuiRating-label"
                  for="app-rating-2"
                >
                  <span
                    class="MuiRating-icon MuiRating-iconEmpty"
                  >
                    <svg
                      aria-hidden="true"
                      class="MuiSvgIcon-root MuiSvgIcon-fontSizeInherit"
                      focusable="false"
                      role="presentation"
                      viewBox="0 0 24 24"
                    >
                      <path
                        d="M12 17.27L18.18 21l-1.64-7.03L22 9.24l-7.19-.61L12 2 9.19 8.63 2 9.24l5.46 4.73L5.82 21z"
                      />
                    </svg>
                  </span>
                  <span
                    class="MuiRating-visuallyhidden"
                  >
                    2 Stars
                  </span>
                </label>
                <input
                  class="MuiRating-visuallyhidden"
                  id="app-rating-2"
                  name="app-rating"
                  type="radio"
                  value="2"
                />
                <label
                  class="MuiRating-label"
                  for="app-rating-3"
                >
                  <span
                    class="MuiRating-icon MuiRating-iconEmpty"
                  >
                    <svg
                      aria-hidden="true"
                      class="MuiSvgIcon-root MuiSvgIcon-fontSizeInherit"
                      focusable="false"
                      role="presentation"
                      viewBox="0 0 24 24"
                    >
                      <path
                        d="M12 17.27L18.18 21l-1.64-7.03L22 9.24l-7.19-.61L12 2 9.19 8.63 2 9.24l5.46 4.73L5.82 21z"
                      />
                    </svg>
                  </span>
                  <span
                    class="MuiRating-visuallyhidden"
                  >
                    3 Stars
                  </span>
                </label>
                <input
                  class="MuiRating-visuallyhidden"
                  id="app-rating-3"
                  name="app-rating"
                  type="radio"
                  value="3"
                />
                <label
                  class="MuiRating-label"
                  for="app-rating-4"
                >
                  <span
                    class="MuiRating-icon MuiRating-iconEmpty"
                  >
                    <svg
                      aria-hidden="true"
                      class="MuiSvgIcon-root MuiSvgIcon-fontSizeInherit"
                      focusable="false"
                      role="presentation"
                      viewBox="0 0 24 24"
                    >
                      <path
                        d="M12 17.27L18.18 21l-1.64-7.03L22 9.24l-7.19-.61L12 2 9.19 8.63 2 9.24l5.46 4.73L5.82 21z"
                      />
                    </svg>
                  </span>
                  <span
                    class="MuiRating-visuallyhidden"
                  >
                    4 Stars
                  </span>
                </label>
                <input
                  class="MuiRating-visuallyhidden"
                  id="app-rating-4"
                  name="app-rating"
                  type="radio"
                  value="4"
                />
                <label
                  class="MuiRating-label"
                  for="app-rating-5"
                >
                  <span
                    class="MuiRating-icon MuiRating-iconEmpty"
                  >
                    <svg
                      aria-hidden="true"
                      class="MuiSvgIcon-root MuiSvgIcon-fontSizeInherit"
                      focusable="false"
                      role="presentation"
                      viewBox="0 0 24 24"
                    >
                      <path
                        d="M12 17.27L18.18 21l-1.64-7.03L22 9.24l-7.19-.61L12 2 9.19 8.63 2 9.24l5.46 4.73L5.82 21z"
                      />
                    </svg>
                  </span>
                  <span
                    class="MuiRating-visuallyhidden"
                  >
                    5 Stars
                  </span>
                </label>
                <input
                  class="MuiRating-visuallyhidden"
                  id="app-rating-5"
                  name="app-rating"
                  type="radio"
                  value="5"
                />
              </span>
            </div>
          </div>
          <div
            class="MuiGrid-root MuiGrid-container MuiGrid-item MuiGrid-justify-xs-flex-end"
          >
            <div
              class="MuiGrid-root MuiGrid-item MuiGrid-grid-xs-12 MuiGrid-grid-md-9"
            >
              <button
                class="MuiButtonBase-root MuiButton-root MuiButton-contained c6 MuiButton-containedPrimary Mui-disabled Mui-disabled"
                disabled=""
                tabindex="-1"
                type="button"
              >
                <span
                  class="MuiButton-label"
                >
                  Submit
                </span>
              </button>
            </div>
          </div>
        </div>
      </div>
    </div>
  </body>,
  "container": <div>
    <div>
      <p
        class="MuiTypography-root sc-AykKJ bXFeGJ sc-AykKK gcTcIC MuiTypography-body1"
        customvariant="header2"
      >
        Add a review
      </p>
      <div
        class="MuiGrid-root MuiGrid-container MuiGrid-spacing-xs-3"
      >
        <div
          class="MuiGrid-root MuiGrid-container MuiGrid-item MuiGrid-align-items-xs-center"
        >
          <div
            class="MuiGrid-root MuiGrid-item MuiGrid-grid-xs-12 MuiGrid-grid-md-3"
          >
            <p
              class="MuiTypography-root sc-AykKJ iexqoL sc-fzXfLO jEaXPj MuiTypography-body1"
              customvariant="body1"
            >
              Choose a nickname
            </p>
          </div>
          <div
            class="MuiGrid-root MuiGrid-item MuiGrid-grid-xs-12 MuiGrid-grid-md-9"
          >
            <div
              class="MuiFormControl-root MuiTextField-root sc-AykKE fbCwcn"
            >
              <div
                class="MuiInputBase-root MuiOutlinedInput-root MuiInputBase-formControl"
              >
                <input
                  aria-invalid="false"
                  class="MuiInputBase-input MuiOutlinedInput-input"
                  name="nickname"
                  type="text"
                  value=""
                />
                <fieldset
                  aria-hidden="true"
                  class="PrivateNotchedOutline-root-174 MuiOutlinedInput-notchedOutline"
                  style="padding-left: 8px;"
                >
                  <legend
                    class="PrivateNotchedOutline-legend-175"
                    style="width: 0.01px;"
                  >
                    <span>
                      ​
                    </span>
                  </legend>
                </fieldset>
              </div>
            </div>
          </div>
        </div>
        <div
          class="MuiGrid-root MuiGrid-container MuiGrid-item"
        >
          <div
            class="MuiGrid-root MuiGrid-item MuiGrid-grid-xs-12 MuiGrid-grid-md-3"
          >
            <p
              class="MuiTypography-root sc-AykKJ kxCBjo sc-fzXfLO jEaXPj MuiTypography-body1"
              customvariant="body1"
              pt="10"
            >
              Your review
            </p>
          </div>
          <div
            class="MuiGrid-root MuiGrid-item MuiGrid-grid-xs-12 MuiGrid-grid-md-9"
          >
            <div
              class="MuiFormControl-root MuiTextField-root sc-AykKF hjTiPI MuiFormControl-fullWidth"
            >
              <div
                class="MuiInputBase-root MuiOutlinedInput-root MuiInputBase-fullWidth MuiInputBase-formControl MuiInputBase-multiline MuiOutlinedInput-multiline"
              >
                <textarea
                  aria-invalid="false"
                  class="MuiInputBase-input MuiOutlinedInput-input MuiInputBase-inputMultiline MuiOutlinedInput-inputMultiline"
                  name="reviewText"
                  rows="4"
                />
                <fieldset
                  aria-hidden="true"
                  class="PrivateNotchedOutline-root-218 MuiOutlinedInput-notchedOutline"
                  style="padding-left: 8px;"
                >
                  <legend
                    class="PrivateNotchedOutline-legend-219"
                    style="width: 0.01px;"
                  >
                    <span>
                      ​
                    </span>
                  </legend>
                </fieldset>
              </div>
            </div>
            <p
              class="MuiTypography-root sc-AykKJ ckspux sc-fzXfLP ePYyeJ MuiTypography-body1"
              customvariant="body2"
            >
              Your review must be at least 50 characters
            </p>
          </div>
        </div>
        <div
          class="MuiGrid-root MuiGrid-container MuiGrid-item MuiGrid-align-items-xs-center"
        >
          <div
            class="MuiGrid-root MuiGrid-item MuiGrid-grid-xs-12 MuiGrid-grid-md-3"
          >
            <p
              class="MuiTypography-root sc-AykKJ iexqoL sc-fzXfLO jEaXPj MuiTypography-body1"
              customvariant="body1"
            >
              Overall rating
            </p>
          </div>
          <div
            class="MuiGrid-root MuiGrid-item MuiGrid-grid-xs-12 MuiGrid-grid-md-9"
          >
            <span
              class="MuiRating-root sc-AykKH leYRC"
            >
              <label
                class="MuiRating-label"
                for="app-rating-1"
              >
                <span
                  class="MuiRating-icon MuiRating-iconEmpty"
                >
                  <svg
                    aria-hidden="true"
                    class="MuiSvgIcon-root MuiSvgIcon-fontSizeInherit"
                    focusable="false"
                    role="presentation"
                    viewBox="0 0 24 24"
                  >
                    <path
                      d="M12 17.27L18.18 21l-1.64-7.03L22 9.24l-7.19-.61L12 2 9.19 8.63 2 9.24l5.46 4.73L5.82 21z"
                    />
                  </svg>
                </span>
                <span
                  class="MuiRating-visuallyhidden"
                >
                  1 Star
                </span>
              </label>
              <input
                class="MuiRating-visuallyhidden"
                id="app-rating-1"
                name="app-rating"
                type="radio"
                value="1"
              />
              <label
                class="MuiRating-label"
                for="app-rating-2"
              >
                <span
                  class="MuiRating-icon MuiRating-iconEmpty"
                >
                  <svg
                    aria-hidden="true"
                    class="MuiSvgIcon-root MuiSvgIcon-fontSizeInherit"
                    focusable="false"
                    role="presentation"
                    viewBox="0 0 24 24"
                  >
                    <path
                      d="M12 17.27L18.18 21l-1.64-7.03L22 9.24l-7.19-.61L12 2 9.19 8.63 2 9.24l5.46 4.73L5.82 21z"
                    />
                  </svg>
                </span>
                <span
                  class="MuiRating-visuallyhidden"
                >
                  2 Stars
                </span>
              </label>
              <input
                class="MuiRating-visuallyhidden"
                id="app-rating-2"
                name="app-rating"
                type="radio"
                value="2"
              />
              <label
                class="MuiRating-label"
                for="app-rating-3"
              >
                <span
                  class="MuiRating-icon MuiRating-iconEmpty"
                >
                  <svg
                    aria-hidden="true"
                    class="MuiSvgIcon-root MuiSvgIcon-fontSizeInherit"
                    focusable="false"
                    role="presentation"
                    viewBox="0 0 24 24"
                  >
                    <path
                      d="M12 17.27L18.18 21l-1.64-7.03L22 9.24l-7.19-.61L12 2 9.19 8.63 2 9.24l5.46 4.73L5.82 21z"
                    />
                  </svg>
                </span>
                <span
                  class="MuiRating-visuallyhidden"
                >
                  3 Stars
                </span>
              </label>
              <input
                class="MuiRating-visuallyhidden"
                id="app-rating-3"
                name="app-rating"
                type="radio"
                value="3"
              />
              <label
                class="MuiRating-label"
                for="app-rating-4"
              >
                <span
                  class="MuiRating-icon MuiRating-iconEmpty"
                >
                  <svg
                    aria-hidden="true"
                    class="MuiSvgIcon-root MuiSvgIcon-fontSizeInherit"
                    focusable="false"
                    role="presentation"
                    viewBox="0 0 24 24"
                  >
                    <path
                      d="M12 17.27L18.18 21l-1.64-7.03L22 9.24l-7.19-.61L12 2 9.19 8.63 2 9.24l5.46 4.73L5.82 21z"
                    />
                  </svg>
                </span>
                <span
                  class="MuiRating-visuallyhidden"
                >
                  4 Stars
                </span>
              </label>
              <input
                class="MuiRating-visuallyhidden"
                id="app-rating-4"
                name="app-rating"
                type="radio"
                value="4"
              />
              <label
                class="MuiRating-label"
                for="app-rating-5"
              >
                <span
                  class="MuiRating-icon MuiRating-iconEmpty"
                >
                  <svg
                    aria-hidden="true"
                    class="MuiSvgIcon-root MuiSvgIcon-fontSizeInherit"
                    focusable="false"
                    role="presentation"
                    viewBox="0 0 24 24"
                  >
                    <path
                      d="M12 17.27L18.18 21l-1.64-7.03L22 9.24l-7.19-.61L12 2 9.19 8.63 2 9.24l5.46 4.73L5.82 21z"
                    />
                  </svg>
                </span>
                <span
                  class="MuiRating-visuallyhidden"
                >
                  5 Stars
                </span>
              </label>
              <input
                class="MuiRating-visuallyhidden"
                id="app-rating-5"
                name="app-rating"
                type="radio"
                value="5"
              />
            </span>
          </div>
        </div>
        <div
          class="MuiGrid-root MuiGrid-container MuiGrid-item MuiGrid-justify-xs-flex-end"
        >
          <div
            class="MuiGrid-root MuiGrid-item MuiGrid-grid-xs-12 MuiGrid-grid-md-9"
          >
            <button
              class="MuiButtonBase-root MuiButton-root MuiButton-contained sc-AykKI evYzjc MuiButton-containedPrimary Mui-disabled Mui-disabled"
              disabled=""
              tabindex="-1"
              type="button"
            >
              <span
                class="MuiButton-label"
              >
                Submit
              </span>
            </button>
          </div>
        </div>
      </div>
    </div>
  </div>,
  "debug": [Function],
  "findAllByAltText": [Function],
  "findAllByDisplayValue": [Function],
  "findAllByLabelText": [Function],
  "findAllByPlaceholderText": [Function],
  "findAllByRole": [Function],
  "findAllByTestId": [Function],
  "findAllByText": [Function],
  "findAllByTitle": [Function],
  "findByAltText": [Function],
  "findByDisplayValue": [Function],
  "findByLabelText": [Function],
  "findByPlaceholderText": [Function],
  "findByRole": [Function],
  "findByTestId": [Function],
  "findByText": [Function],
  "findByTitle": [Function],
  "getAllByAltText": [Function],
  "getAllByDisplayValue": [Function],
  "getAllByLabelText": [Function],
  "getAllByPlaceholderText": [Function],
  "getAllByRole": [Function],
  "getAllByTestId": [Function],
  "getAllByText": [Function],
  "getAllByTitle": [Function],
  "getByAltText": [Function],
  "getByDisplayValue": [Function],
  "getByLabelText": [Function],
  "getByPlaceholderText": [Function],
  "getByRole": [Function],
  "getByTestId": [Function],
  "getByText": [Function],
  "getByTitle": [Function],
  "queryAllByAltText": [Function],
  "queryAllByDisplayValue": [Function],
  "queryAllByLabelText": [Function],
  "queryAllByPlaceholderText": [Function],
  "queryAllByRole": [Function],
  "queryAllByTestId": [Function],
  "queryAllByText": [Function],
  "queryAllByTitle": [Function],
  "queryByAltText": [Function],
  "queryByDisplayValue": [Function],
  "queryByLabelText": [Function],
  "queryByPlaceholderText": [Function],
  "queryByRole": [Function],
  "queryByTestId": [Function],
  "queryByText": [Function],
  "queryByTitle": [Function],
  "rerender": [Function],
  "unmount": [Function],
}
`;
