// Jest Snapshot v1, https://goo.gl/fbAQLP

exports[`App Breadcrumbs Test get default Breadcrumbs no params  1`] = `
<Breadcrumbs>
  <Styled(WithStyles(ForwardRef(Breadcrumbs)))
    aria-label="breadcrumb"
    separator="•"
  >
    <WithStyles(ForwardRef(Breadcrumbs))
      aria-label="breadcrumb"
      className=""
      separator="•"
    >
      <ForwardRef(Breadcrumbs)
        aria-label="breadcrumb"
        className=""
        classes={
          Object {
            "li": "MuiBreadcrumbs-li",
            "ol": "MuiBreadcrumbs-ol",
            "root": "MuiBreadcrumbs-root",
            "separator": "MuiBreadcrumbs-separator",
          }
        }
        separator="•"
      >
        <WithStyles(ForwardRef(Typography))
          aria-label="breadcrumb"
          className="MuiBreadcrumbs-root "
          color="textSecondary"
          component="nav"
        >
          <ForwardRef(Typography)
            aria-label="breadcrumb"
            className="MuiBreadcrumbs-root "
            classes={
              Object {
                "alignCenter": "MuiTypography-alignCenter",
                "alignJustify": "MuiTypography-alignJustify",
                "alignLeft": "MuiTypography-alignLeft",
                "alignRight": "MuiTypography-alignRight",
                "body1": "MuiTypography-body1",
                "body2": "MuiTypography-body2",
                "button": "MuiTypography-button",
                "caption": "MuiTypography-caption",
                "colorError": "MuiTypography-colorError",
                "colorInherit": "MuiTypography-colorInherit",
                "colorPrimary": "MuiTypography-colorPrimary",
                "colorSecondary": "MuiTypography-colorSecondary",
                "colorTextPrimary": "MuiTypography-colorTextPrimary",
                "colorTextSecondary": "MuiTypography-colorTextSecondary",
                "displayBlock": "MuiTypography-displayBlock",
                "displayInline": "MuiTypography-displayInline",
                "gutterBottom": "MuiTypography-gutterBottom",
                "h1": "MuiTypography-h1",
                "h2": "MuiTypography-h2",
                "h3": "MuiTypography-h3",
                "h4": "MuiTypography-h4",
                "h5": "MuiTypography-h5",
                "h6": "MuiTypography-h6",
                "noWrap": "MuiTypography-noWrap",
                "overline": "MuiTypography-overline",
                "paragraph": "MuiTypography-paragraph",
                "root": "MuiTypography-root",
                "srOnly": "MuiTypography-srOnly",
                "subtitle1": "MuiTypography-subtitle1",
                "subtitle2": "MuiTypography-subtitle2",
              }
            }
            color="textSecondary"
            component="nav"
          >
            <nav
              aria-label="breadcrumb"
              className="MuiTypography-root MuiBreadcrumbs-root MuiTypography-body1 MuiTypography-colorTextSecondary"
            >
              <ol
                className="MuiBreadcrumbs-ol"
              >
                <li
                  className="MuiBreadcrumbs-li"
                  key="child-0"
                >
                  <items
                    key=".0"
                  >
                    <WithStyles(ForwardRef(Link))
                      color="inherit"
                      href="/"
                    >
                      <ForwardRef(Link)
                        classes={
                          Object {
                            "button": "MuiLink-button",
                            "focusVisible": "Mui-focusVisible",
                            "root": "MuiLink-root",
                            "underlineAlways": "MuiLink-underlineAlways",
                            "underlineHover": "MuiLink-underlineHover",
                            "underlineNone": "MuiLink-underlineNone",
                          }
                        }
                        color="inherit"
                        href="/"
                      >
                        <WithStyles(ForwardRef(Typography))
                          className="MuiLink-root MuiLink-underlineHover"
                          color="inherit"
                          component="a"
                          href="/"
                          onBlur={[Function]}
                          onFocus={[Function]}
                          variant="inherit"
                        >
                          <ForwardRef(Typography)
                            className="MuiLink-root MuiLink-underlineHover"
                            classes={
                              Object {
                                "alignCenter": "MuiTypography-alignCenter",
                                "alignJustify": "MuiTypography-alignJustify",
                                "alignLeft": "MuiTypography-alignLeft",
                                "alignRight": "MuiTypography-alignRight",
                                "body1": "MuiTypography-body1",
                                "body2": "MuiTypography-body2",
                                "button": "MuiTypography-button",
                                "caption": "MuiTypography-caption",
                                "colorError": "MuiTypography-colorError",
                                "colorInherit": "MuiTypography-colorInherit",
                                "colorPrimary": "MuiTypography-colorPrimary",
                                "colorSecondary": "MuiTypography-colorSecondary",
                                "colorTextPrimary": "MuiTypography-colorTextPrimary",
                                "colorTextSecondary": "MuiTypography-colorTextSecondary",
                                "displayBlock": "MuiTypography-displayBlock",
                                "displayInline": "MuiTypography-displayInline",
                                "gutterBottom": "MuiTypography-gutterBottom",
                                "h1": "MuiTypography-h1",
                                "h2": "MuiTypography-h2",
                                "h3": "MuiTypography-h3",
                                "h4": "MuiTypography-h4",
                                "h5": "MuiTypography-h5",
                                "h6": "MuiTypography-h6",
                                "noWrap": "MuiTypography-noWrap",
                                "overline": "MuiTypography-overline",
                                "paragraph": "MuiTypography-paragraph",
                                "root": "MuiTypography-root",
                                "srOnly": "MuiTypography-srOnly",
                                "subtitle1": "MuiTypography-subtitle1",
                                "subtitle2": "MuiTypography-subtitle2",
                              }
                            }
                            color="inherit"
                            component="a"
                            href="/"
                            onBlur={[Function]}
                            onFocus={[Function]}
                            variant="inherit"
                          >
                            <a
                              className="MuiTypography-root MuiLink-root MuiLink-underlineHover MuiTypography-colorInherit"
                              href="/"
                              onBlur={[Function]}
                              onFocus={[Function]}
                            >
                              Home
                            </a>
                          </ForwardRef(Typography)>
                        </WithStyles(ForwardRef(Typography))>
                      </ForwardRef(Link)>
                    </WithStyles(ForwardRef(Link))>
                    <WithStyles(ForwardRef(Link))
                      color="inherit"
                      href="/getting-started/installation/"
                    >
                      <ForwardRef(Link)
                        classes={
                          Object {
                            "button": "MuiLink-button",
                            "focusVisible": "Mui-focusVisible",
                            "root": "MuiLink-root",
                            "underlineAlways": "MuiLink-underlineAlways",
                            "underlineHover": "MuiLink-underlineHover",
                            "underlineNone": "MuiLink-underlineNone",
                          }
                        }
                        color="inherit"
                        href="/getting-started/installation/"
                      >
                        <WithStyles(ForwardRef(Typography))
                          className="MuiLink-root MuiLink-underlineHover"
                          color="inherit"
                          component="a"
                          href="/getting-started/installation/"
                          onBlur={[Function]}
                          onFocus={[Function]}
                          variant="inherit"
                        >
                          <ForwardRef(Typography)
                            className="MuiLink-root MuiLink-underlineHover"
                            classes={
                              Object {
                                "alignCenter": "MuiTypography-alignCenter",
                                "alignJustify": "MuiTypography-alignJustify",
                                "alignLeft": "MuiTypography-alignLeft",
                                "alignRight": "MuiTypography-alignRight",
                                "body1": "MuiTypography-body1",
                                "body2": "MuiTypography-body2",
                                "button": "MuiTypography-button",
                                "caption": "MuiTypography-caption",
                                "colorError": "MuiTypography-colorError",
                                "colorInherit": "MuiTypography-colorInherit",
                                "colorPrimary": "MuiTypography-colorPrimary",
                                "colorSecondary": "MuiTypography-colorSecondary",
                                "colorTextPrimary": "MuiTypography-colorTextPrimary",
                                "colorTextSecondary": "MuiTypography-colorTextSecondary",
                                "displayBlock": "MuiTypography-displayBlock",
                                "displayInline": "MuiTypography-displayInline",
                                "gutterBottom": "MuiTypography-gutterBottom",
                                "h1": "MuiTypography-h1",
                                "h2": "MuiTypography-h2",
                                "h3": "MuiTypography-h3",
                                "h4": "MuiTypography-h4",
                                "h5": "MuiTypography-h5",
                                "h6": "MuiTypography-h6",
                                "noWrap": "MuiTypography-noWrap",
                                "overline": "MuiTypography-overline",
                                "paragraph": "MuiTypography-paragraph",
                                "root": "MuiTypography-root",
                                "srOnly": "MuiTypography-srOnly",
                                "subtitle1": "MuiTypography-subtitle1",
                                "subtitle2": "MuiTypography-subtitle2",
                              }
                            }
                            color="inherit"
                            component="a"
                            href="/getting-started/installation/"
                            onBlur={[Function]}
                            onFocus={[Function]}
                            variant="inherit"
                          >
                            <a
                              className="MuiTypography-root MuiLink-root MuiLink-underlineHover MuiTypography-colorInherit"
                              href="/getting-started/installation/"
                              onBlur={[Function]}
                              onFocus={[Function]}
                            >
                              All Categories
                            </a>
                          </ForwardRef(Typography)>
                        </WithStyles(ForwardRef(Typography))>
                      </ForwardRef(Link)>
                    </WithStyles(ForwardRef(Link))>
                    <WithStyles(ForwardRef(Typography))
                      color="textPrimary"
                    >
                      <ForwardRef(Typography)
                        classes={
                          Object {
                            "alignCenter": "MuiTypography-alignCenter",
                            "alignJustify": "MuiTypography-alignJustify",
                            "alignLeft": "MuiTypography-alignLeft",
                            "alignRight": "MuiTypography-alignRight",
                            "body1": "MuiTypography-body1",
                            "body2": "MuiTypography-body2",
                            "button": "MuiTypography-button",
                            "caption": "MuiTypography-caption",
                            "colorError": "MuiTypography-colorError",
                            "colorInherit": "MuiTypography-colorInherit",
                            "colorPrimary": "MuiTypography-colorPrimary",
                            "colorSecondary": "MuiTypography-colorSecondary",
                            "colorTextPrimary": "MuiTypography-colorTextPrimary",
                            "colorTextSecondary": "MuiTypography-colorTextSecondary",
                            "displayBlock": "MuiTypography-displayBlock",
                            "displayInline": "MuiTypography-displayInline",
                            "gutterBottom": "MuiTypography-gutterBottom",
                            "h1": "MuiTypography-h1",
                            "h2": "MuiTypography-h2",
                            "h3": "MuiTypography-h3",
                            "h4": "MuiTypography-h4",
                            "h5": "MuiTypography-h5",
                            "h6": "MuiTypography-h6",
                            "noWrap": "MuiTypography-noWrap",
                            "overline": "MuiTypography-overline",
                            "paragraph": "MuiTypography-paragraph",
                            "root": "MuiTypography-root",
                            "srOnly": "MuiTypography-srOnly",
                            "subtitle1": "MuiTypography-subtitle1",
                            "subtitle2": "MuiTypography-subtitle2",
                          }
                        }
                        color="textPrimary"
                      >
                        <p
                          className="MuiTypography-root MuiTypography-body1 MuiTypography-colorTextPrimary"
                        >
                          Men's Clothing & Accessories
                        </p>
                      </ForwardRef(Typography)>
                    </WithStyles(ForwardRef(Typography))>
                  </items>
                </li>
              </ol>
            </nav>
          </ForwardRef(Typography)>
        </WithStyles(ForwardRef(Typography))>
      </ForwardRef(Breadcrumbs)>
    </WithStyles(ForwardRef(Breadcrumbs))>
  </Styled(WithStyles(ForwardRef(Breadcrumbs)))>
</Breadcrumbs>
`;
