// Jest Snapshot v1, https://goo.gl/fbAQLP

exports[`App ProductDetail Test get default ProductDetail no params  1`] = `
Object {
  "asFragment": [Function],
  "baseElement": .c1 {
  width: 320px;
  height: 320px;
  position: relative;
  overflow: hidden;
}

.c0 {
  padding: 1rem;
}

.c2 {
  margin-top: 1rem;
  display: -webkit-box;
  display: -webkit-flex;
  display: -ms-flexbox;
  display: flex;
  -webkit-box-pack: space-around;
  -webkit-justify-content: space-around;
  -ms-flex-pack: space-around;
  justify-content: space-around;
  display: -webkit-box;
  display: -webkit-flex;
  display: -ms-flexbox;
  display: flex;
}

.c3 {
  margin-bottom: 1rem;
}

.c7 {
  padding-top: 0.5rem;
  padding-bottom: 0.5rem;
  margin-top: 1rem;
}

.c9 {
  padding-top: 0.5rem;
  padding-bottom: 0.5rem;
}

.c10 {
  display: -webkit-box;
  display: -webkit-flex;
  display: -ms-flexbox;
  display: flex;
  -webkit-align-items: center;
  -webkit-box-align: center;
  -ms-flex-align: center;
  align-items: center;
  display: -webkit-box;
  display: -webkit-flex;
  display: -ms-flexbox;
  display: flex;
}

.c11 {
  padding-top: 1rem;
  padding-bottom: 1rem;
}

.c4 {
  color: #2E2E2E;
}

.c5 {
  font-size: 24px !important;
  line-height: 1.5 !important;
  font-family: 'Montserrat Alternates' !important;
  font-weight: bold !important;
  color: #2E2E2E;
}

.c6 {
  font-size: 24px !important;
  line-height: 1.5 !important;
  font-family: 'Montserrat Alternates' !important;
  font-weight: bold !important;
  color: #F62F5E;
}

.c8 {
  font-size: 16px !important;
  line-height: 1.5 !important;
  font-family: 'Montserrat Alternates' !important;
  font-weight: bold !important;
  color: #6C6C6C;
}

.c12 {
  min-width: 163px !important;
  min-height: 48px !important;
  font-size: 14px;
  border-radius: 32px;
}

<body>
    <div>
      <div
        class="MuiGrid-root MuiGrid-container"
      >
        <div
          class="MuiGrid-root MuiGrid-item MuiGrid-grid-xs-12 MuiGrid-grid-md-4"
        >
          <div
            class="c0"
          >
            <div
              style="width: 320px;"
            >
              <div
                class="c1"
              />
              <div
                class="c2"
                display="flex"
              />
            </div>
          </div>
        </div>
        <div
          class="MuiGrid-root MuiGrid-item MuiGrid-grid-xs-12 MuiGrid-grid-md-8"
        >
          <div
            class="c0"
          >
            <div
              class="c3"
            >
              <nav
                aria-label="breadcrumb"
                class="MuiTypography-root MuiBreadcrumbs-root MuiTypography-body1 MuiTypography-colorTextSecondary"
              >
                <ol
                  class="MuiBreadcrumbs-ol"
                >
                  <li
                    class="MuiBreadcrumbs-li"
                  >
                    <p
                      class="MuiTypography-root c4 MuiTypography-body1"
                    >
                      product
                       
                    </p>
                  </li>
                </ol>
              </nav>
            </div>
            <span
              class="MuiRating-root "
            >
              <label
                class="MuiRating-label"
                for="app-rating-1"
              >
                <span
                  class="MuiRating-icon MuiRating-iconFilled"
                >
                  <svg
                    aria-hidden="true"
                    class="MuiSvgIcon-root MuiSvgIcon-fontSizeInherit"
                    focusable="false"
                    role="presentation"
                    viewBox="0 0 24 24"
                  >
                    <path
                      d="M12 17.27L18.18 21l-1.64-7.03L22 9.24l-7.19-.61L12 2 9.19 8.63 2 9.24l5.46 4.73L5.82 21z"
                    />
                  </svg>
                </span>
                <span
                  class="MuiRating-visuallyhidden"
                >
                  1 Star
                </span>
              </label>
              <input
                checked=""
                class="MuiRating-visuallyhidden"
                id="app-rating-1"
                name="app-rating"
                type="radio"
                value="1"
              />
              <label
                class="MuiRating-label"
                for="app-rating-2"
              >
                <span
                  class="MuiRating-icon MuiRating-iconEmpty"
                >
                  <svg
                    aria-hidden="true"
                    class="MuiSvgIcon-root MuiSvgIcon-fontSizeInherit"
                    focusable="false"
                    role="presentation"
                    viewBox="0 0 24 24"
                  >
                    <path
                      d="M12 17.27L18.18 21l-1.64-7.03L22 9.24l-7.19-.61L12 2 9.19 8.63 2 9.24l5.46 4.73L5.82 21z"
                    />
                  </svg>
                </span>
                <span
                  class="MuiRating-visuallyhidden"
                >
                  2 Stars
                </span>
              </label>
              <input
                class="MuiRating-visuallyhidden"
                id="app-rating-2"
                name="app-rating"
                type="radio"
                value="2"
              />
              <label
                class="MuiRating-label"
                for="app-rating-3"
              >
                <span
                  class="MuiRating-icon MuiRating-iconEmpty"
                >
                  <svg
                    aria-hidden="true"
                    class="MuiSvgIcon-root MuiSvgIcon-fontSizeInherit"
                    focusable="false"
                    role="presentation"
                    viewBox="0 0 24 24"
                  >
                    <path
                      d="M12 17.27L18.18 21l-1.64-7.03L22 9.24l-7.19-.61L12 2 9.19 8.63 2 9.24l5.46 4.73L5.82 21z"
                    />
                  </svg>
                </span>
                <span
                  class="MuiRating-visuallyhidden"
                >
                  3 Stars
                </span>
              </label>
              <input
                class="MuiRating-visuallyhidden"
                id="app-rating-3"
                name="app-rating"
                type="radio"
                value="3"
              />
              <label
                class="MuiRating-label"
                for="app-rating-4"
              >
                <span
                  class="MuiRating-icon MuiRating-iconEmpty"
                >
                  <svg
                    aria-hidden="true"
                    class="MuiSvgIcon-root MuiSvgIcon-fontSizeInherit"
                    focusable="false"
                    role="presentation"
                    viewBox="0 0 24 24"
                  >
                    <path
                      d="M12 17.27L18.18 21l-1.64-7.03L22 9.24l-7.19-.61L12 2 9.19 8.63 2 9.24l5.46 4.73L5.82 21z"
                    />
                  </svg>
                </span>
                <span
                  class="MuiRating-visuallyhidden"
                >
                  4 Stars
                </span>
              </label>
              <input
                class="MuiRating-visuallyhidden"
                id="app-rating-4"
                name="app-rating"
                type="radio"
                value="4"
              />
              <label
                class="MuiRating-label"
                for="app-rating-5"
              >
                <span
                  class="MuiRating-icon MuiRating-iconEmpty"
                >
                  <svg
                    aria-hidden="true"
                    class="MuiSvgIcon-root MuiSvgIcon-fontSizeInherit"
                    focusable="false"
                    role="presentation"
                    viewBox="0 0 24 24"
                  >
                    <path
                      d="M12 17.27L18.18 21l-1.64-7.03L22 9.24l-7.19-.61L12 2 9.19 8.63 2 9.24l5.46 4.73L5.82 21z"
                    />
                  </svg>
                </span>
                <span
                  class="MuiRating-visuallyhidden"
                >
                  5 Stars
                </span>
              </label>
              <input
                class="MuiRating-visuallyhidden"
                id="app-rating-5"
                name="app-rating"
                type="radio"
                value="5"
              />
            </span>
            <div
              class=""
            >
              <div
                class=""
              >
                <p
                  class="MuiTypography-root c5 MuiTypography-body1"
                  customvariant="header2"
                />
                <p
                  class="MuiTypography-root c6 MuiTypography-body1"
                  customcolor="red"
                  customvariant="header2"
                />
              </div>
              <div
                class="c7"
              >
                <p
                  class="MuiTypography-root c8 MuiTypography-body1"
                  customcolor="black1"
                  customvariant="header3"
                >
                  Color
                </p>
                <div />
              </div>
              <div
                class="c9"
              >
                <p
                  class="MuiTypography-root c8 MuiTypography-body1"
                  customcolor="black1"
                  customvariant="header3"
                >
                  Size
                </p>
                <div
                  class=""
                />
              </div>
              <div
                class="c9"
              >
                <p
                  class="MuiTypography-root c8 MuiTypography-body1"
                  customcolor="black1"
                  customvariant="header3"
                >
                  Quantity
                </p>
                <div
                  class="c10"
                  display="flex"
                >
                  <button
                    class="MuiButtonBase-root MuiFab-root MuiFab-sizeSmall MuiFab-secondary"
                    tabindex="0"
                    type="button"
                  >
                    <span
                      class="MuiFab-label"
                    >
                      <svg
                        aria-hidden="true"
                        class="MuiSvgIcon-root"
                        focusable="false"
                        role="presentation"
                        viewBox="0 0 24 24"
                      >
                        <path
                          d="M19 13H5v-2h14v2z"
                        />
                      </svg>
                    </span>
                    <span
                      class="MuiTouchRipple-root"
                    />
                  </button>
                  <div
                    class="MuiFormControl-root MuiTextField-root"
                  >
                    <div
                      class="MuiInputBase-root MuiOutlinedInput-root MuiInputBase-formControl"
                    >
                      <input
                        aria-invalid="false"
                        class="MuiInputBase-input MuiOutlinedInput-input"
                        min="0"
                        type="number"
                        value="1"
                      />
                      <fieldset
                        aria-hidden="true"
                        class="PrivateNotchedOutline-root-255 MuiOutlinedInput-notchedOutline"
                        style="padding-left: 8px;"
                      >
                        <legend
                          class="PrivateNotchedOutline-legend-256"
                          style="width: 0px;"
                        >
                          <span>
                            ​
                          </span>
                        </legend>
                      </fieldset>
                    </div>
                  </div>
                  <button
                    class="MuiButtonBase-root MuiFab-root MuiFab-sizeSmall MuiFab-secondary"
                    tabindex="0"
                    type="button"
                  >
                    <span
                      class="MuiFab-label"
                    >
                      <svg
                        aria-hidden="true"
                        class="MuiSvgIcon-root"
                        focusable="false"
                        role="presentation"
                        viewBox="0 0 24 24"
                      >
                        <path
                          d="M19 13h-6v6h-2v-6H5v-2h6V5h2v6h6v2z"
                        />
                      </svg>
                    </span>
                    <span
                      class="MuiTouchRipple-root"
                    />
                  </button>
                </div>
              </div>
              <div
                class="c11"
              >
                <button
                  class="MuiButtonBase-root MuiButton-root MuiButton-contained c12 MuiButton-containedPrimary"
                  tabindex="0"
                  type="button"
                >
                  <span
                    class="MuiButton-label"
                  >
                    Add to cart
                  </span>
                  <span
                    class="MuiTouchRipple-root"
                  />
                </button>
              </div>
            </div>
          </div>
        </div>
      </div>
    </div>
  </body>,
  "container": <div>
    <div
      class="MuiGrid-root MuiGrid-container"
    >
      <div
        class="MuiGrid-root MuiGrid-item MuiGrid-grid-xs-12 MuiGrid-grid-md-4"
      >
        <div
          class="sc-AykKG BHWeQ"
        >
          <div
            style="width: 320px;"
          >
            <div
              class="sc-AykKE cxWcju"
            />
            <div
              class="sc-AykKG kXyjoA"
              display="flex"
            />
          </div>
        </div>
      </div>
      <div
        class="MuiGrid-root MuiGrid-item MuiGrid-grid-xs-12 MuiGrid-grid-md-8"
      >
        <div
          class="sc-AykKG BHWeQ"
        >
          <div
            class="sc-AykKG kryvSJ"
          >
            <nav
              aria-label="breadcrumb"
              class="MuiTypography-root MuiBreadcrumbs-root MuiTypography-body1 MuiTypography-colorTextSecondary"
            >
              <ol
                class="MuiBreadcrumbs-ol"
              >
                <li
                  class="MuiBreadcrumbs-li"
                >
                  <p
                    class="MuiTypography-root sc-AykKH jvoJCj MuiTypography-body1"
                  >
                    product
                     
                  </p>
                </li>
              </ol>
            </nav>
          </div>
          <span
            class="MuiRating-root sc-AykKI ctvLEX"
          >
            <label
              class="MuiRating-label"
              for="app-rating-1"
            >
              <span
                class="MuiRating-icon MuiRating-iconFilled"
              >
                <svg
                  aria-hidden="true"
                  class="MuiSvgIcon-root MuiSvgIcon-fontSizeInherit"
                  focusable="false"
                  role="presentation"
                  viewBox="0 0 24 24"
                >
                  <path
                    d="M12 17.27L18.18 21l-1.64-7.03L22 9.24l-7.19-.61L12 2 9.19 8.63 2 9.24l5.46 4.73L5.82 21z"
                  />
                </svg>
              </span>
              <span
                class="MuiRating-visuallyhidden"
              >
                1 Star
              </span>
            </label>
            <input
              checked=""
              class="MuiRating-visuallyhidden"
              id="app-rating-1"
              name="app-rating"
              type="radio"
              value="1"
            />
            <label
              class="MuiRating-label"
              for="app-rating-2"
            >
              <span
                class="MuiRating-icon MuiRating-iconEmpty"
              >
                <svg
                  aria-hidden="true"
                  class="MuiSvgIcon-root MuiSvgIcon-fontSizeInherit"
                  focusable="false"
                  role="presentation"
                  viewBox="0 0 24 24"
                >
                  <path
                    d="M12 17.27L18.18 21l-1.64-7.03L22 9.24l-7.19-.61L12 2 9.19 8.63 2 9.24l5.46 4.73L5.82 21z"
                  />
                </svg>
              </span>
              <span
                class="MuiRating-visuallyhidden"
              >
                2 Stars
              </span>
            </label>
            <input
              class="MuiRating-visuallyhidden"
              id="app-rating-2"
              name="app-rating"
              type="radio"
              value="2"
            />
            <label
              class="MuiRating-label"
              for="app-rating-3"
            >
              <span
                class="MuiRating-icon MuiRating-iconEmpty"
              >
                <svg
                  aria-hidden="true"
                  class="MuiSvgIcon-root MuiSvgIcon-fontSizeInherit"
                  focusable="false"
                  role="presentation"
                  viewBox="0 0 24 24"
                >
                  <path
                    d="M12 17.27L18.18 21l-1.64-7.03L22 9.24l-7.19-.61L12 2 9.19 8.63 2 9.24l5.46 4.73L5.82 21z"
                  />
                </svg>
              </span>
              <span
                class="MuiRating-visuallyhidden"
              >
                3 Stars
              </span>
            </label>
            <input
              class="MuiRating-visuallyhidden"
              id="app-rating-3"
              name="app-rating"
              type="radio"
              value="3"
            />
            <label
              class="MuiRating-label"
              for="app-rating-4"
            >
              <span
                class="MuiRating-icon MuiRating-iconEmpty"
              >
                <svg
                  aria-hidden="true"
                  class="MuiSvgIcon-root MuiSvgIcon-fontSizeInherit"
                  focusable="false"
                  role="presentation"
                  viewBox="0 0 24 24"
                >
                  <path
                    d="M12 17.27L18.18 21l-1.64-7.03L22 9.24l-7.19-.61L12 2 9.19 8.63 2 9.24l5.46 4.73L5.82 21z"
                  />
                </svg>
              </span>
              <span
                class="MuiRating-visuallyhidden"
              >
                4 Stars
              </span>
            </label>
            <input
              class="MuiRating-visuallyhidden"
              id="app-rating-4"
              name="app-rating"
              type="radio"
              value="4"
            />
            <label
              class="MuiRating-label"
              for="app-rating-5"
            >
              <span
                class="MuiRating-icon MuiRating-iconEmpty"
              >
                <svg
                  aria-hidden="true"
                  class="MuiSvgIcon-root MuiSvgIcon-fontSizeInherit"
                  focusable="false"
                  role="presentation"
                  viewBox="0 0 24 24"
                >
                  <path
                    d="M12 17.27L18.18 21l-1.64-7.03L22 9.24l-7.19-.61L12 2 9.19 8.63 2 9.24l5.46 4.73L5.82 21z"
                  />
                </svg>
              </span>
              <span
                class="MuiRating-visuallyhidden"
              >
                5 Stars
              </span>
            </label>
            <input
              class="MuiRating-visuallyhidden"
              id="app-rating-5"
              name="app-rating"
              type="radio"
              value="5"
            />
          </span>
          <div
            class="sc-AykKG kLLdqP"
          >
            <div
              class="sc-AykKG kLLdqP"
            >
              <p
                class="MuiTypography-root sc-AykKH dZvxdr MuiTypography-body1"
                customvariant="header2"
              />
              <p
                class="MuiTypography-root sc-AykKH bWMmxA MuiTypography-body1"
                customcolor="red"
                customvariant="header2"
              />
            </div>
            <div
              class="sc-AykKG bwAPKj"
            >
              <p
                class="MuiTypography-root sc-AykKH eHeTJy MuiTypography-body1"
                customcolor="black1"
                customvariant="header3"
              >
                Color
              </p>
              <div />
            </div>
            <div
              class="sc-AykKG bYCFOX"
            >
              <p
                class="MuiTypography-root sc-AykKH eHeTJy MuiTypography-body1"
                customcolor="black1"
                customvariant="header3"
              >
                Size
              </p>
              <div
                class="sc-fzXfLO iVXeHU"
              />
            </div>
            <div
              class="sc-AykKG bYCFOX"
            >
              <p
                class="MuiTypography-root sc-AykKH eHeTJy MuiTypography-body1"
                customcolor="black1"
                customvariant="header3"
              >
                Quantity
              </p>
              <div
                class="sc-AykKG gfmPnj"
                display="flex"
              >
                <button
                  class="MuiButtonBase-root MuiFab-root MuiFab-sizeSmall MuiFab-secondary"
                  tabindex="0"
                  type="button"
                >
                  <span
                    class="MuiFab-label"
                  >
                    <svg
                      aria-hidden="true"
                      class="MuiSvgIcon-root"
                      focusable="false"
                      role="presentation"
                      viewBox="0 0 24 24"
                    >
                      <path
                        d="M19 13H5v-2h14v2z"
                      />
                    </svg>
                  </span>
                  <span
                    class="MuiTouchRipple-root"
                  />
                </button>
                <div
                  class="MuiFormControl-root MuiTextField-root"
                >
                  <div
                    class="MuiInputBase-root MuiOutlinedInput-root MuiInputBase-formControl"
                  >
                    <input
                      aria-invalid="false"
                      class="MuiInputBase-input MuiOutlinedInput-input"
                      min="0"
                      type="number"
                      value="1"
                    />
                    <fieldset
                      aria-hidden="true"
                      class="PrivateNotchedOutline-root-255 MuiOutlinedInput-notchedOutline"
                      style="padding-left: 8px;"
                    >
                      <legend
                        class="PrivateNotchedOutline-legend-256"
                        style="width: 0px;"
                      >
                        <span>
                          ​
                        </span>
                      </legend>
                    </fieldset>
                  </div>
                </div>
                <button
                  class="MuiButtonBase-root MuiFab-root MuiFab-sizeSmall MuiFab-secondary"
                  tabindex="0"
                  type="button"
                >
                  <span
                    class="MuiFab-label"
                  >
                    <svg
                      aria-hidden="true"
                      class="MuiSvgIcon-root"
                      focusable="false"
                      role="presentation"
                      viewBox="0 0 24 24"
                    >
                      <path
                        d="M19 13h-6v6h-2v-6H5v-2h6V5h2v6h6v2z"
                      />
                    </svg>
                  </span>
                  <span
                    class="MuiTouchRipple-root"
                  />
                </button>
              </div>
            </div>
            <div
              class="sc-AykKG ibYTzz"
            >
              <button
                class="MuiButtonBase-root MuiButton-root MuiButton-contained sc-AykKK jPLyQf MuiButton-containedPrimary"
                tabindex="0"
                type="button"
              >
                <span
                  class="MuiButton-label"
                >
                  Add to cart
                </span>
                <span
                  class="MuiTouchRipple-root"
                />
              </button>
            </div>
          </div>
        </div>
      </div>
    </div>
  </div>,
  "debug": [Function],
  "findAllByAltText": [Function],
  "findAllByDisplayValue": [Function],
  "findAllByLabelText": [Function],
  "findAllByPlaceholderText": [Function],
  "findAllByRole": [Function],
  "findAllByTestId": [Function],
  "findAllByText": [Function],
  "findAllByTitle": [Function],
  "findByAltText": [Function],
  "findByDisplayValue": [Function],
  "findByLabelText": [Function],
  "findByPlaceholderText": [Function],
  "findByRole": [Function],
  "findByTestId": [Function],
  "findByText": [Function],
  "findByTitle": [Function],
  "getAllByAltText": [Function],
  "getAllByDisplayValue": [Function],
  "getAllByLabelText": [Function],
  "getAllByPlaceholderText": [Function],
  "getAllByRole": [Function],
  "getAllByTestId": [Function],
  "getAllByText": [Function],
  "getAllByTitle": [Function],
  "getByAltText": [Function],
  "getByDisplayValue": [Function],
  "getByLabelText": [Function],
  "getByPlaceholderText": [Function],
  "getByRole": [Function],
  "getByTestId": [Function],
  "getByText": [Function],
  "getByTitle": [Function],
  "queryAllByAltText": [Function],
  "queryAllByDisplayValue": [Function],
  "queryAllByLabelText": [Function],
  "queryAllByPlaceholderText": [Function],
  "queryAllByRole": [Function],
  "queryAllByTestId": [Function],
  "queryAllByText": [Function],
  "queryAllByTitle": [Function],
  "queryByAltText": [Function],
  "queryByDisplayValue": [Function],
  "queryByLabelText": [Function],
  "queryByPlaceholderText": [Function],
  "queryByRole": [Function],
  "queryByTestId": [Function],
  "queryByText": [Function],
  "queryByTitle": [Function],
  "rerender": [Function],
  "unmount": [Function],
}
`;
