// Jest Snapshot v1, https://goo.gl/fbAQLP

exports[`Rating rating 1`] = `
<Rating
  name="test rating"
  value={4.3}
>
  <Styled(WithStyles(ForwardRef(Rating)))
    name="app-rating"
    onChange={[Function]}
    value={4.3}
  >
    <WithStyles(ForwardRef(Rating))
      className=""
      name="app-rating"
      onChange={[Function]}
      value={4.3}
    >
      <ForwardRef(Rating)
        className=""
        classes={
          Object {
            "decimal": "MuiRating-decimal",
            "disabled": "Mui-disabled",
            "focusVisible": "Mui-focusVisible",
            "icon": "MuiRating-icon",
            "iconActive": "MuiRating-iconActive",
            "iconEmpty": "MuiRating-iconEmpty",
            "iconFilled": "MuiRating-iconFilled",
            "iconFocus": "MuiRating-iconFocus",
            "iconHover": "MuiRating-iconHover",
            "label": "MuiRating-label",
            "pristine": "MuiRating-pristine",
            "readOnly": "MuiRating-readOnly",
            "root": "MuiRating-root",
            "sizeLarge": "MuiRating-sizeLarge",
            "sizeSmall": "MuiRating-sizeSmall",
            "visuallyhidden": "MuiRating-visuallyhidden",
          }
        }
        name="app-rating"
        onChange={[Function]}
        value={4.3}
      >
        <span
          aria-label={null}
          className="MuiRating-root "
          onMouseLeave={[Function]}
          onMouseMove={[Function]}
          role={null}
        >
          <label
            className="MuiRating-label"
            htmlFor="app-rating-1"
          >
            <IconContainer
              className="MuiRating-icon MuiRating-iconFilled"
              value={1}
            >
              <span
                className="MuiRating-icon MuiRating-iconFilled"
              >
                <ForwardRef
                  fontSize="inherit"
                >
                  <WithStyles(ForwardRef(SvgIcon))
                    fontSize="inherit"
                  >
                    <ForwardRef(SvgIcon)
                      classes={
                        Object {
                          "colorAction": "MuiSvgIcon-colorAction",
                          "colorDisabled": "MuiSvgIcon-colorDisabled",
                          "colorError": "MuiSvgIcon-colorError",
                          "colorPrimary": "MuiSvgIcon-colorPrimary",
                          "colorSecondary": "MuiSvgIcon-colorSecondary",
                          "fontSizeInherit": "MuiSvgIcon-fontSizeInherit",
                          "fontSizeLarge": "MuiSvgIcon-fontSizeLarge",
                          "fontSizeSmall": "MuiSvgIcon-fontSizeSmall",
                          "root": "MuiSvgIcon-root",
                        }
                      }
                      fontSize="inherit"
                    >
                      <svg
                        aria-hidden="true"
                        className="MuiSvgIcon-root MuiSvgIcon-fontSizeInherit"
                        focusable="false"
                        role="presentation"
                        viewBox="0 0 24 24"
                      >
                        <path
                          d="M12 17.27L18.18 21l-1.64-7.03L22 9.24l-7.19-.61L12 2 9.19 8.63 2 9.24l5.46 4.73L5.82 21z"
                        />
                      </svg>
                    </ForwardRef(SvgIcon)>
                  </WithStyles(ForwardRef(SvgIcon))>
                </ForwardRef>
              </span>
            </IconContainer>
            <span
              className="MuiRating-visuallyhidden"
            >
              1 Star
            </span>
          </label>
          <input
            checked={false}
            className="MuiRating-visuallyhidden"
            id="app-rating-1"
            name="app-rating"
            onBlur={[Function]}
            onChange={[Function]}
            onFocus={[Function]}
            type="radio"
            value={1}
          />
          <label
            className="MuiRating-label"
            htmlFor="app-rating-2"
          >
            <IconContainer
              className="MuiRating-icon MuiRating-iconFilled"
              value={2}
            >
              <span
                className="MuiRating-icon MuiRating-iconFilled"
              >
                <ForwardRef
                  fontSize="inherit"
                >
                  <WithStyles(ForwardRef(SvgIcon))
                    fontSize="inherit"
                  >
                    <ForwardRef(SvgIcon)
                      classes={
                        Object {
                          "colorAction": "MuiSvgIcon-colorAction",
                          "colorDisabled": "MuiSvgIcon-colorDisabled",
                          "colorError": "MuiSvgIcon-colorError",
                          "colorPrimary": "MuiSvgIcon-colorPrimary",
                          "colorSecondary": "MuiSvgIcon-colorSecondary",
                          "fontSizeInherit": "MuiSvgIcon-fontSizeInherit",
                          "fontSizeLarge": "MuiSvgIcon-fontSizeLarge",
                          "fontSizeSmall": "MuiSvgIcon-fontSizeSmall",
                          "root": "MuiSvgIcon-root",
                        }
                      }
                      fontSize="inherit"
                    >
                      <svg
                        aria-hidden="true"
                        className="MuiSvgIcon-root MuiSvgIcon-fontSizeInherit"
                        focusable="false"
                        role="presentation"
                        viewBox="0 0 24 24"
                      >
                        <path
                          d="M12 17.27L18.18 21l-1.64-7.03L22 9.24l-7.19-.61L12 2 9.19 8.63 2 9.24l5.46 4.73L5.82 21z"
                        />
                      </svg>
                    </ForwardRef(SvgIcon)>
                  </WithStyles(ForwardRef(SvgIcon))>
                </ForwardRef>
              </span>
            </IconContainer>
            <span
              className="MuiRating-visuallyhidden"
            >
              2 Stars
            </span>
          </label>
          <input
            checked={false}
            className="MuiRating-visuallyhidden"
            id="app-rating-2"
            name="app-rating"
            onBlur={[Function]}
            onChange={[Function]}
            onFocus={[Function]}
            type="radio"
            value={2}
          />
          <label
            className="MuiRating-label"
            htmlFor="app-rating-3"
          >
            <IconContainer
              className="MuiRating-icon MuiRating-iconFilled"
              value={3}
            >
              <span
                className="MuiRating-icon MuiRating-iconFilled"
              >
                <ForwardRef
                  fontSize="inherit"
                >
                  <WithStyles(ForwardRef(SvgIcon))
                    fontSize="inherit"
                  >
                    <ForwardRef(SvgIcon)
                      classes={
                        Object {
                          "colorAction": "MuiSvgIcon-colorAction",
                          "colorDisabled": "MuiSvgIcon-colorDisabled",
                          "colorError": "MuiSvgIcon-colorError",
                          "colorPrimary": "MuiSvgIcon-colorPrimary",
                          "colorSecondary": "MuiSvgIcon-colorSecondary",
                          "fontSizeInherit": "MuiSvgIcon-fontSizeInherit",
                          "fontSizeLarge": "MuiSvgIcon-fontSizeLarge",
                          "fontSizeSmall": "MuiSvgIcon-fontSizeSmall",
                          "root": "MuiSvgIcon-root",
                        }
                      }
                      fontSize="inherit"
                    >
                      <svg
                        aria-hidden="true"
                        className="MuiSvgIcon-root MuiSvgIcon-fontSizeInherit"
                        focusable="false"
                        role="presentation"
                        viewBox="0 0 24 24"
                      >
                        <path
                          d="M12 17.27L18.18 21l-1.64-7.03L22 9.24l-7.19-.61L12 2 9.19 8.63 2 9.24l5.46 4.73L5.82 21z"
                        />
                      </svg>
                    </ForwardRef(SvgIcon)>
                  </WithStyles(ForwardRef(SvgIcon))>
                </ForwardRef>
              </span>
            </IconContainer>
            <span
              className="MuiRating-visuallyhidden"
            >
              3 Stars
            </span>
          </label>
          <input
            checked={false}
            className="MuiRating-visuallyhidden"
            id="app-rating-3"
            name="app-rating"
            onBlur={[Function]}
            onChange={[Function]}
            onFocus={[Function]}
            type="radio"
            value={3}
          />
          <label
            className="MuiRating-label"
            htmlFor="app-rating-4"
          >
            <IconContainer
              className="MuiRating-icon MuiRating-iconFilled"
              value={4}
            >
              <span
                className="MuiRating-icon MuiRating-iconFilled"
              >
                <ForwardRef
                  fontSize="inherit"
                >
                  <WithStyles(ForwardRef(SvgIcon))
                    fontSize="inherit"
                  >
                    <ForwardRef(SvgIcon)
                      classes={
                        Object {
                          "colorAction": "MuiSvgIcon-colorAction",
                          "colorDisabled": "MuiSvgIcon-colorDisabled",
                          "colorError": "MuiSvgIcon-colorError",
                          "colorPrimary": "MuiSvgIcon-colorPrimary",
                          "colorSecondary": "MuiSvgIcon-colorSecondary",
                          "fontSizeInherit": "MuiSvgIcon-fontSizeInherit",
                          "fontSizeLarge": "MuiSvgIcon-fontSizeLarge",
                          "fontSizeSmall": "MuiSvgIcon-fontSizeSmall",
                          "root": "MuiSvgIcon-root",
                        }
                      }
                      fontSize="inherit"
                    >
                      <svg
                        aria-hidden="true"
                        className="MuiSvgIcon-root MuiSvgIcon-fontSizeInherit"
                        focusable="false"
                        role="presentation"
                        viewBox="0 0 24 24"
                      >
                        <path
                          d="M12 17.27L18.18 21l-1.64-7.03L22 9.24l-7.19-.61L12 2 9.19 8.63 2 9.24l5.46 4.73L5.82 21z"
                        />
                      </svg>
                    </ForwardRef(SvgIcon)>
                  </WithStyles(ForwardRef(SvgIcon))>
                </ForwardRef>
              </span>
            </IconContainer>
            <span
              className="MuiRating-visuallyhidden"
            >
              4 Stars
            </span>
          </label>
          <input
            checked={true}
            className="MuiRating-visuallyhidden"
            id="app-rating-4"
            name="app-rating"
            onBlur={[Function]}
            onChange={[Function]}
            onFocus={[Function]}
            type="radio"
            value={4}
          />
          <label
            className="MuiRating-label"
            htmlFor="app-rating-5"
          >
            <IconContainer
              className="MuiRating-icon MuiRating-iconEmpty"
              value={5}
            >
              <span
                className="MuiRating-icon MuiRating-iconEmpty"
              >
                <ForwardRef
                  fontSize="inherit"
                >
                  <WithStyles(ForwardRef(SvgIcon))
                    fontSize="inherit"
                  >
                    <ForwardRef(SvgIcon)
                      classes={
                        Object {
                          "colorAction": "MuiSvgIcon-colorAction",
                          "colorDisabled": "MuiSvgIcon-colorDisabled",
                          "colorError": "MuiSvgIcon-colorError",
                          "colorPrimary": "MuiSvgIcon-colorPrimary",
                          "colorSecondary": "MuiSvgIcon-colorSecondary",
                          "fontSizeInherit": "MuiSvgIcon-fontSizeInherit",
                          "fontSizeLarge": "MuiSvgIcon-fontSizeLarge",
                          "fontSizeSmall": "MuiSvgIcon-fontSizeSmall",
                          "root": "MuiSvgIcon-root",
                        }
                      }
                      fontSize="inherit"
                    >
                      <svg
                        aria-hidden="true"
                        className="MuiSvgIcon-root MuiSvgIcon-fontSizeInherit"
                        focusable="false"
                        role="presentation"
                        viewBox="0 0 24 24"
                      >
                        <path
                          d="M12 17.27L18.18 21l-1.64-7.03L22 9.24l-7.19-.61L12 2 9.19 8.63 2 9.24l5.46 4.73L5.82 21z"
                        />
                      </svg>
                    </ForwardRef(SvgIcon)>
                  </WithStyles(ForwardRef(SvgIcon))>
                </ForwardRef>
              </span>
            </IconContainer>
            <span
              className="MuiRating-visuallyhidden"
            >
              5 Stars
            </span>
          </label>
          <input
            checked={false}
            className="MuiRating-visuallyhidden"
            id="app-rating-5"
            name="app-rating"
            onBlur={[Function]}
            onChange={[Function]}
            onFocus={[Function]}
            type="radio"
            value={5}
          />
        </span>
      </ForwardRef(Rating)>
    </WithStyles(ForwardRef(Rating))>
  </Styled(WithStyles(ForwardRef(Rating)))>
</Rating>
`;
